Archive member included to satisfy reference by file (symbol)

c:/st/stm32cubeide_1.9.0/stm32cubeide/plugins/com.st.stm32cube.ide.mcu.externaltools.gnu-tools-for-stm32.10.3-2021.10.win32_1.0.0.202111181127/tools/bin/../lib/gcc/arm-none-eabi/10.3.1/../../../../arm-none-eabi/lib/thumb/v7-m/nofp\libc_nano.a(lib_a-errno.o)
                              ./Core/Src/syscalls.o (__errno)
c:/st/stm32cubeide_1.9.0/stm32cubeide/plugins/com.st.stm32cube.ide.mcu.externaltools.gnu-tools-for-stm32.10.3-2021.10.win32_1.0.0.202111181127/tools/bin/../lib/gcc/arm-none-eabi/10.3.1/../../../../arm-none-eabi/lib/thumb/v7-m/nofp\libc_nano.a(lib_a-exit.o)
                              c:/st/stm32cubeide_1.9.0/stm32cubeide/plugins/com.st.stm32cube.ide.mcu.externaltools.gnu-tools-for-stm32.10.3-2021.10.win32_1.0.0.202111181127/tools/bin/../lib/gcc/arm-none-eabi/10.3.1/../../../../arm-none-eabi/lib/thumb/v7-m/nofp/crt0.o (exit)
c:/st/stm32cubeide_1.9.0/stm32cubeide/plugins/com.st.stm32cube.ide.mcu.externaltools.gnu-tools-for-stm32.10.3-2021.10.win32_1.0.0.202111181127/tools/bin/../lib/gcc/arm-none-eabi/10.3.1/../../../../arm-none-eabi/lib/thumb/v7-m/nofp\libc_nano.a(lib_a-impure.o)
                              c:/st/stm32cubeide_1.9.0/stm32cubeide/plugins/com.st.stm32cube.ide.mcu.externaltools.gnu-tools-for-stm32.10.3-2021.10.win32_1.0.0.202111181127/tools/bin/../lib/gcc/arm-none-eabi/10.3.1/../../../../arm-none-eabi/lib/thumb/v7-m/nofp\libc_nano.a(lib_a-exit.o) (_global_impure_ptr)
c:/st/stm32cubeide_1.9.0/stm32cubeide/plugins/com.st.stm32cube.ide.mcu.externaltools.gnu-tools-for-stm32.10.3-2021.10.win32_1.0.0.202111181127/tools/bin/../lib/gcc/arm-none-eabi/10.3.1/../../../../arm-none-eabi/lib/thumb/v7-m/nofp\libc_nano.a(lib_a-init.o)
                              c:/st/stm32cubeide_1.9.0/stm32cubeide/plugins/com.st.stm32cube.ide.mcu.externaltools.gnu-tools-for-stm32.10.3-2021.10.win32_1.0.0.202111181127/tools/bin/../lib/gcc/arm-none-eabi/10.3.1/../../../../arm-none-eabi/lib/thumb/v7-m/nofp/crt0.o (__libc_init_array)
c:/st/stm32cubeide_1.9.0/stm32cubeide/plugins/com.st.stm32cube.ide.mcu.externaltools.gnu-tools-for-stm32.10.3-2021.10.win32_1.0.0.202111181127/tools/bin/../lib/gcc/arm-none-eabi/10.3.1/../../../../arm-none-eabi/lib/thumb/v7-m/nofp\libc_nano.a(lib_a-memcpy-stub.o)
                              ./Middlewares/Third_Party/FreeRTOS/Source/CMSIS_RTOS_V2/cmsis_os2.o (memcpy)
c:/st/stm32cubeide_1.9.0/stm32cubeide/plugins/com.st.stm32cube.ide.mcu.externaltools.gnu-tools-for-stm32.10.3-2021.10.win32_1.0.0.202111181127/tools/bin/../lib/gcc/arm-none-eabi/10.3.1/../../../../arm-none-eabi/lib/thumb/v7-m/nofp\libc_nano.a(lib_a-memset.o)
                              c:/st/stm32cubeide_1.9.0/stm32cubeide/plugins/com.st.stm32cube.ide.mcu.externaltools.gnu-tools-for-stm32.10.3-2021.10.win32_1.0.0.202111181127/tools/bin/../lib/gcc/arm-none-eabi/10.3.1/../../../../arm-none-eabi/lib/thumb/v7-m/nofp/crt0.o (memset)
c:/st/stm32cubeide_1.9.0/stm32cubeide/plugins/com.st.stm32cube.ide.mcu.externaltools.gnu-tools-for-stm32.10.3-2021.10.win32_1.0.0.202111181127/tools/bin/../lib/gcc/arm-none-eabi/10.3.1/thumb/v7-m/nofp\libgcc.a(_arm_addsubdf3.o)
                              ./Core/Src/main.o (__aeabi_i2d)
c:/st/stm32cubeide_1.9.0/stm32cubeide/plugins/com.st.stm32cube.ide.mcu.externaltools.gnu-tools-for-stm32.10.3-2021.10.win32_1.0.0.202111181127/tools/bin/../lib/gcc/arm-none-eabi/10.3.1/thumb/v7-m/nofp\libgcc.a(_arm_muldivdf3.o)
                              ./Core/Src/main.o (__aeabi_ddiv)
c:/st/stm32cubeide_1.9.0/stm32cubeide/plugins/com.st.stm32cube.ide.mcu.externaltools.gnu-tools-for-stm32.10.3-2021.10.win32_1.0.0.202111181127/tools/bin/../lib/gcc/arm-none-eabi/10.3.1/thumb/v7-m/nofp\libgcc.a(_arm_truncdfsf2.o)
                              ./Core/Src/main.o (__aeabi_d2f)
c:/st/stm32cubeide_1.9.0/stm32cubeide/plugins/com.st.stm32cube.ide.mcu.externaltools.gnu-tools-for-stm32.10.3-2021.10.win32_1.0.0.202111181127/tools/bin/../lib/gcc/arm-none-eabi/10.3.1/thumb/v7-m/nofp\libgcc.a(_arm_addsubsf3.o)
                              ./Core/Src/main.o (__aeabi_fsub)
c:/st/stm32cubeide_1.9.0/stm32cubeide/plugins/com.st.stm32cube.ide.mcu.externaltools.gnu-tools-for-stm32.10.3-2021.10.win32_1.0.0.202111181127/tools/bin/../lib/gcc/arm-none-eabi/10.3.1/thumb/v7-m/nofp\libgcc.a(_arm_muldivsf3.o)
                              ./Core/Src/main.o (__aeabi_fdiv)

Discarded input sections

 .text          0x0000000000000000        0x0 c:/st/stm32cubeide_1.9.0/stm32cubeide/plugins/com.st.stm32cube.ide.mcu.externaltools.gnu-tools-for-stm32.10.3-2021.10.win32_1.0.0.202111181127/tools/bin/../lib/gcc/arm-none-eabi/10.3.1/thumb/v7-m/nofp/crti.o
 .data          0x0000000000000000        0x0 c:/st/stm32cubeide_1.9.0/stm32cubeide/plugins/com.st.stm32cube.ide.mcu.externaltools.gnu-tools-for-stm32.10.3-2021.10.win32_1.0.0.202111181127/tools/bin/../lib/gcc/arm-none-eabi/10.3.1/thumb/v7-m/nofp/crti.o
[...]
Memory Configuration

Name             Origin             Length             Attributes
RAM              0x0000000020000000 0x0000000000005000 xrw
FLASH            0x0000000008000000 0x0000000000010000 xr
*default*        0x0000000000000000 0xffffffffffffffff

Linker script and memory map

LOAD c:/st/stm32cubeide_1.9.0/stm32cubeide/plugins/com.st.stm32cube.ide.mcu.externaltools.gnu-tools-for-stm32.10.3-2021.10.win32_1.0.0.202111181127/tools/bin/../lib/gcc/arm-none-eabi/10.3.1/thumb/v7-m/nofp/crti.o
LOAD c:/st/stm32cubeide_1.9.0/stm32cubeide/plugins/com.st.stm32cube.ide.mcu.externaltools.gnu-tools-for-stm32.10.3-2021.10.win32_1.0.0.202111181127/tools/bin/../lib/gcc/arm-none-eabi/10.3.1/thumb/v7-m/nofp/crtbegin.o
LOAD c:/st/stm32cubeide_1.9.0/stm32cubeide/plugins/com.st.stm32cube.ide.mcu.externaltools.gnu-tools-for-stm32.10.3-2021.10.win32_1.0.0.202111181127/tools/bin/../lib/gcc/arm-none-eabi/10.3.1/../../../../arm-none-eabi/lib/thumb/v7-m/nofp/crt0.o
LOAD ./Core/Src/Modbus.o
LOAD ./Core/Src/UARTCallback.o
LOAD ./Core/Src/freertos.o
LOAD ./Core/Src/main.o
LOAD ./Core/Src/stm32f1xx_hal_msp.o
LOAD ./Core/Src/stm32f1xx_it.o
LOAD ./Core/Src/syscalls.o
LOAD ./Core/Src/sysmem.o
LOAD ./Core/Src/system_stm32f1xx.o
LOAD ./Core/Startup/startup_stm32f103c8tx.o
LOAD ./Drivers/STM32F1xx_HAL_Driver/Src/stm32f1xx_hal.o
LOAD ./Drivers/STM32F1xx_HAL_Driver/Src/stm32f1xx_hal_adc.o
LOAD ./Drivers/STM32F1xx_HAL_Driver/Src/stm32f1xx_hal_adc_ex.o
LOAD ./Drivers/STM32F1xx_HAL_Driver/Src/stm32f1xx_hal_cortex.o
LOAD ./Drivers/STM32F1xx_HAL_Driver/Src/stm32f1xx_hal_dma.o
LOAD ./Drivers/STM32F1xx_HAL_Driver/Src/stm32f1xx_hal_exti.o
LOAD ./Drivers/STM32F1xx_HAL_Driver/Src/stm32f1xx_hal_flash.o
LOAD ./Drivers/STM32F1xx_HAL_Driver/Src/stm32f1xx_hal_flash_ex.o
LOAD ./Drivers/STM32F1xx_HAL_Driver/Src/stm32f1xx_hal_gpio.o
LOAD ./Drivers/STM32F1xx_HAL_Driver/Src/stm32f1xx_hal_gpio_ex.o
LOAD ./Drivers/STM32F1xx_HAL_Driver/Src/stm32f1xx_hal_pwr.o
LOAD ./Drivers/STM32F1xx_HAL_Driver/Src/stm32f1xx_hal_rcc.o
LOAD ./Drivers/STM32F1xx_HAL_Driver/Src/stm32f1xx_hal_rcc_ex.o
LOAD ./Drivers/STM32F1xx_HAL_Driver/Src/stm32f1xx_hal_spi.o
LOAD ./Drivers/STM32F1xx_HAL_Driver/Src/stm32f1xx_hal_tim.o
LOAD ./Drivers/STM32F1xx_HAL_Driver/Src/stm32f1xx_hal_tim_ex.o
LOAD ./Drivers/STM32F1xx_HAL_Driver/Src/stm32f1xx_hal_uart.o
LOAD ./Middlewares/Third_Party/FreeRTOS/Source/CMSIS_RTOS_V2/cmsis_os2.o
LOAD ./Middlewares/Third_Party/FreeRTOS/Source/croutine.o
LOAD ./Middlewares/Third_Party/FreeRTOS/Source/event_groups.o
LOAD ./Middlewares/Third_Party/FreeRTOS/Source/list.o
LOAD ./Middlewares/Third_Party/FreeRTOS/Source/queue.o
LOAD ./Middlewares/Third_Party/FreeRTOS/Source/stream_buffer.o
LOAD ./Middlewares/Third_Party/FreeRTOS/Source/tasks.o
LOAD ./Middlewares/Third_Party/FreeRTOS/Source/timers.o
LOAD ./Middlewares/Third_Party/FreeRTOS/Source/portable/GCC/ARM_CM3/port.o
LOAD ./Middlewares/Third_Party/FreeRTOS/Source/portable/MemMang/heap_4.o
START GROUP
LOAD c:/st/stm32cubeide_1.9.0/stm32cubeide/plugins/com.st.stm32cube.ide.mcu.externaltools.gnu-tools-for-stm32.10.3-2021.10.win32_1.0.0.202111181127/tools/bin/../lib/gcc/arm-none-eabi/10.3.1/../../../../arm-none-eabi/lib/thumb/v7-m/nofp\libc_nano.a
LOAD c:/st/stm32cubeide_1.9.0/stm32cubeide/plugins/com.st.stm32cube.ide.mcu.externaltools.gnu-tools-for-stm32.10.3-2021.10.win32_1.0.0.202111181127/tools/bin/../lib/gcc/arm-none-eabi/10.3.1/../../../../arm-none-eabi/lib/thumb/v7-m/nofp\libm.a
END GROUP
START GROUP
LOAD c:/st/stm32cubeide_1.9.0/stm32cubeide/plugins/com.st.stm32cube.ide.mcu.externaltools.gnu-tools-for-stm32.10.3-2021.10.win32_1.0.0.202111181127/tools/bin/../lib/gcc/arm-none-eabi/10.3.1/thumb/v7-m/nofp\libgcc.a
LOAD c:/st/stm32cubeide_1.9.0/stm32cubeide/plugins/com.st.stm32cube.ide.mcu.externaltools.gnu-tools-for-stm32.10.3-2021.10.win32_1.0.0.202111181127/tools/bin/../lib/gcc/arm-none-eabi/10.3.1/../../../../arm-none-eabi/lib/thumb/v7-m/nofp\libc_nano.a
END GROUP
START GROUP
LOAD c:/st/stm32cubeide_1.9.0/stm32cubeide/plugins/com.st.stm32cube.ide.mcu.externaltools.gnu-tools-for-stm32.10.3-2021.10.win32_1.0.0.202111181127/tools/bin/../lib/gcc/arm-none-eabi/10.3.1/thumb/v7-m/nofp\libgcc.a
LOAD c:/st/stm32cubeide_1.9.0/stm32cubeide/plugins/com.st.stm32cube.ide.mcu.externaltools.gnu-tools-for-stm32.10.3-2021.10.win32_1.0.0.202111181127/tools/bin/../lib/gcc/arm-none-eabi/10.3.1/../../../../arm-none-eabi/lib/thumb/v7-m/nofp\libc_nano.a
LOAD c:/st/stm32cubeide_1.9.0/stm32cubeide/plugins/com.st.stm32cube.ide.mcu.externaltools.gnu-tools-for-stm32.10.3-2021.10.win32_1.0.0.202111181127/tools/bin/../lib/gcc/arm-none-eabi/10.3.1/../../../../arm-none-eabi/lib/thumb/v7-m/nofp\libnosys.a
END GROUP
START GROUP
LOAD c:/st/stm32cubeide_1.9.0/stm32cubeide/plugins/com.st.stm32cube.ide.mcu.externaltools.gnu-tools-for-stm32.10.3-2021.10.win32_1.0.0.202111181127/tools/bin/../lib/gcc/arm-none-eabi/10.3.1/thumb/v7-m/nofp\libgcc.a
LOAD c:/st/stm32cubeide_1.9.0/stm32cubeide/plugins/com.st.stm32cube.ide.mcu.externaltools.gnu-tools-for-stm32.10.3-2021.10.win32_1.0.0.202111181127/tools/bin/../lib/gcc/arm-none-eabi/10.3.1/../../../../arm-none-eabi/lib/thumb/v7-m/nofp\libc_nano.a
LOAD c:/st/stm32cubeide_1.9.0/stm32cubeide/plugins/com.st.stm32cube.ide.mcu.externaltools.gnu-tools-for-stm32.10.3-2021.10.win32_1.0.0.202111181127/tools/bin/../lib/gcc/arm-none-eabi/10.3.1/../../../../arm-none-eabi/lib/thumb/v7-m/nofp\libnosys.a
END GROUP
LOAD c:/st/stm32cubeide_1.9.0/stm32cubeide/plugins/com.st.stm32cube.ide.mcu.externaltools.gnu-tools-for-stm32.10.3-2021.10.win32_1.0.0.202111181127/tools/bin/../lib/gcc/arm-none-eabi/10.3.1/thumb/v7-m/nofp/crtend.o
LOAD c:/st/stm32cubeide_1.9.0/stm32cubeide/plugins/com.st.stm32cube.ide.mcu.externaltools.gnu-tools-for-stm32.10.3-2021.10.win32_1.0.0.202111181127/tools/bin/../lib/gcc/arm-none-eabi/10.3.1/thumb/v7-m/nofp/crtn.o
                0x0000000020005000                _estack = (ORIGIN (RAM) + LENGTH (RAM))
                0x0000000000000200                _Min_Heap_Size = 0x200
                0x0000000000000400                _Min_Stack_Size = 0x400

.isr_vector     0x0000000008000000      0x10c
                0x0000000008000000                . = ALIGN (0x4)
 *(.isr_vector)
 .isr_vector    0x0000000008000000      0x10c ./Core/Startup/startup_stm32f103c8tx.o
                0x0000000008000000                g_pfnVectors
                0x000000000800010c                . = ALIGN (0x4)

.text           0x0000000008000110     0x94f8
                0x0000000008000110                . = ALIGN (0x4)
 *(.text)
 .text          0x0000000008000110       0x40 c:/st/stm32cubeide_1.9.0/stm32cubeide/plugins/com.st.stm32cube.ide.mcu.externaltools.gnu-tools-for-stm32.10.3-2021.10.win32_1.0.0.202111181127/tools/bin/../lib/gcc/arm-none-eabi/10.3.1/thumb/v7-m/nofp/crtbegin.o
 .text          0x0000000008000150      0x378 c:/st/stm32cubeide_1.9.0/stm32cubeide/plugins/com.st.stm32cube.ide.mcu.externaltools.gnu-tools-for-stm32.10.3-2021.10.win32_1.0.0.202111181127/tools/bin/../lib/gcc/arm-none-eabi/10.3.1/thumb/v7-m/nofp\libgcc.a(_arm_addsubdf3.o)
                0x0000000008000150                __aeabi_drsub
                0x0000000008000158                __aeabi_dsub
                0x0000000008000158                __subdf3
                0x000000000800015c                __aeabi_dadd
                0x000000000800015c                __adddf3
                0x00000000080003d4                __floatunsidf
                0x00000000080003d4                __aeabi_ui2d
                0x00000000080003f4                __floatsidf
                0x00000000080003f4                __aeabi_i2d
                0x0000000008000418                __aeabi_f2d
                0x0000000008000418                __extendsfdf2
                0x000000000800045c                __floatundidf
                0x000000000800045c                __aeabi_ul2d
                0x000000000800046c                __floatdidf
                0x000000000800046c                __aeabi_l2d
 .text          0x00000000080004c8      0x424 c:/st/stm32cubeide_1.9.0/stm32cubeide/plugins/com.st.stm32cube.ide.mcu.externaltools.gnu-tools-for-stm32.10.3-2021.10.win32_1.0.0.202111181127/tools/bin/../lib/gcc/arm-none-eabi/10.3.1/thumb/v7-m/nofp\libgcc.a(_arm_muldivdf3.o)
                0x00000000080004c8                __aeabi_dmul
                0x00000000080004c8                __muldf3
                0x000000000800071c                __divdf3
                0x000000000800071c                __aeabi_ddiv
 .text          0x00000000080008ec       0xa0 c:/st/stm32cubeide_1.9.0/stm32cubeide/plugins/com.st.stm32cube.ide.mcu.externaltools.gnu-tools-for-stm32.10.3-2021.10.win32_1.0.0.202111181127/tools/bin/../lib/gcc/arm-none-eabi/10.3.1/thumb/v7-m/nofp\libgcc.a(_arm_truncdfsf2.o)
                0x00000000080008ec                __truncdfsf2
                0x00000000080008ec                __aeabi_d2f
 .text          0x000000000800098c      0x21c c:/st/stm32cubeide_1.9.0/stm32cubeide/plugins/com.st.stm32cube.ide.mcu.externaltools.gnu-tools-for-stm32.10.3-2021.10.win32_1.0.0.202111181127/tools/bin/../lib/gcc/arm-none-eabi/10.3.1/thumb/v7-m/nofp\libgcc.a(_arm_addsubsf3.o)
                0x000000000800098c                __aeabi_frsub
                0x0000000008000994                __subsf3
                0x0000000008000994                __aeabi_fsub
                0x0000000008000998                __aeabi_fadd
                0x0000000008000998                __addsf3
                0x0000000008000af8                __aeabi_ui2f
                0x0000000008000af8                __floatunsisf
                0x0000000008000b00                __aeabi_i2f
                0x0000000008000b00                __floatsisf
                0x0000000008000b1c                __aeabi_ul2f
                0x0000000008000b1c                __floatundisf
                0x0000000008000b2c                __aeabi_l2f
                0x0000000008000b2c                __floatdisf
 .text          0x0000000008000ba8      0x2a0 c:/st/stm32cubeide_1.9.0/stm32cubeide/plugins/com.st.stm32cube.ide.mcu.externaltools.gnu-tools-for-stm32.10.3-2021.10.win32_1.0.0.202111181127/tools/bin/../lib/gcc/arm-none-eabi/10.3.1/thumb/v7-m/nofp\libgcc.a(_arm_muldivsf3.o)
                0x0000000008000ba8                __mulsf3
                0x0000000008000ba8                __aeabi_fmul
                0x0000000008000d10                __aeabi_fdiv
                0x0000000008000d10                __divsf3
 *(.text*)
 .text.RingAdd  0x0000000008000e48       0x8c ./Core/Src/Modbus.o
                0x0000000008000e48                RingAdd
 .text.RingGetAllBytes
                0x0000000008000ed4       0x24 ./Core/Src/Modbus.o
                0x0000000008000ed4                RingGetAllBytes
 .text.RingGetNBytes
                0x0000000008000ef8       0xa8 ./Core/Src/Modbus.o
                0x0000000008000ef8                RingGetNBytes
 .text.RingClear
                0x0000000008000fa0       0x32 ./Core/Src/Modbus.o
                0x0000000008000fa0                RingClear
 *fill*         0x0000000008000fd2        0x2 
 .text.ModbusInit
                0x0000000008000fd4      0x144 ./Core/Src/Modbus.o
                0x0000000008000fd4                ModbusInit
 .text.ModbusStart
                0x0000000008001118      0x108 ./Core/Src/Modbus.o
                0x0000000008001118                ModbusStart
 .text.vTimerCallbackT35
                0x0000000008001220       0x84 ./Core/Src/Modbus.o
 .text.vTimerCallbackTimeout
                0x00000000080012a4       0x5c ./Core/Src/Modbus.o
 .text.StartTaskModbusSlave
                0x0000000008001300      0x19c ./Core/Src/Modbus.o
                0x0000000008001300                StartTaskModbusSlave
 .text.SendQuery
                0x000000000800149c      0x2d8 ./Core/Src/Modbus.o
 .text.StartTaskModbusMaster
                0x0000000008001774      0x1b4 ./Core/Src/Modbus.o
                0x0000000008001774                StartTaskModbusMaster
 .text.get_FC1  0x0000000008001928       0xae ./Core/Src/Modbus.o
 .text.get_FC3  0x00000000080019d6       0x5c ./Core/Src/Modbus.o
 *fill*         0x0000000008001a32        0x2 
 .text.validateAnswer
                0x0000000008001a34       0xdc ./Core/Src/Modbus.o
 .text.getRxBuffer
                0x0000000008001b10       0x92 ./Core/Src/Modbus.o
 *fill*         0x0000000008001ba2        0x2 
 .text.validateRequest
                0x0000000008001ba4      0x294 ./Core/Src/Modbus.o
 .text.word     0x0000000008001e38       0x24 ./Core/Src/Modbus.o
 .text.calcCRC  0x0000000008001e5c       0x8c ./Core/Src/Modbus.o
                0x0000000008001e5c                calcCRC
 .text.buildException
                0x0000000008001ee8       0x3c ./Core/Src/Modbus.o
 .text.sendTxBuffer
                0x0000000008001f24      0x10c ./Core/Src/Modbus.o
 .text.process_FC1
                0x0000000008002030      0x16a ./Core/Src/Modbus.o
 .text.process_FC3
                0x000000000800219a       0xd6 ./Core/Src/Modbus.o
 .text.process_FC5
                0x0000000008002270       0xb2 ./Core/Src/Modbus.o
 .text.process_FC6
                0x0000000008002322       0x64 ./Core/Src/Modbus.o
 .text.process_FC15
                0x0000000008002386      0x11c ./Core/Src/Modbus.o
 .text.process_FC16
                0x00000000080024a2       0xac ./Core/Src/Modbus.o
 *fill*         0x000000000800254e        0x2 
 .text.HAL_UART_TxCpltCallback
                0x0000000008002550       0x7c ./Core/Src/UARTCallback.o
                0x0000000008002550                HAL_UART_TxCpltCallback
 .text.HAL_UART_RxCpltCallback
                0x00000000080025cc       0xd4 ./Core/Src/UARTCallback.o
                0x00000000080025cc                HAL_UART_RxCpltCallback
 .text.main     0x00000000080026a0       0xf8 ./Core/Src/main.o
                0x00000000080026a0                main
 .text.SystemClock_Config
                0x0000000008002798       0xb6 ./Core/Src/main.o
                0x0000000008002798                SystemClock_Config
 *fill*         0x000000000800284e        0x2 
 .text.MX_ADC1_Init
                0x0000000008002850       0x7c ./Core/Src/main.o
 .text.MX_ADC2_Init
                0x00000000080028cc       0x7c ./Core/Src/main.o
 .text.MX_SPI2_Init
                0x0000000008002948       0x6c ./Core/Src/main.o
 .text.MX_USART1_UART_Init
                0x00000000080029b4       0x54 ./Core/Src/main.o
 .text.MX_USART2_UART_Init
                0x0000000008002a08       0x54 ./Core/Src/main.o
 .text.MX_GPIO_Init
                0x0000000008002a5c       0xdc ./Core/Src/main.o
 .text.StartDefaultTask
                0x0000000008002b38      0x138 ./Core/Src/main.o
                0x0000000008002b38                StartDefaultTask
 .text.Error_Handler
                0x0000000008002c70        0xa ./Core/Src/main.o
                0x0000000008002c70                Error_Handler
 *fill*         0x0000000008002c7a        0x2 
 .text.HAL_MspInit
                0x0000000008002c7c       0x70 ./Core/Src/stm32f1xx_hal_msp.o
                0x0000000008002c7c                HAL_MspInit
 .text.HAL_ADC_MspInit
                0x0000000008002cec       0xcc ./Core/Src/stm32f1xx_hal_msp.o
                0x0000000008002cec                HAL_ADC_MspInit
 .text.HAL_SPI_MspInit
                0x0000000008002db8       0x98 ./Core/Src/stm32f1xx_hal_msp.o
                0x0000000008002db8                HAL_SPI_MspInit
 .text.HAL_UART_MspInit
                0x0000000008002e50      0x128 ./Core/Src/stm32f1xx_hal_msp.o
                0x0000000008002e50                HAL_UART_MspInit
 .text.NMI_Handler
                0x0000000008002f78        0x6 ./Core/Src/stm32f1xx_it.o
                0x0000000008002f78                NMI_Handler
 .text.HardFault_Handler
                0x0000000008002f7e        0x6 ./Core/Src/stm32f1xx_it.o
                0x0000000008002f7e                HardFault_Handler
 .text.MemManage_Handler
                0x0000000008002f84        0x6 ./Core/Src/stm32f1xx_it.o
                0x0000000008002f84                MemManage_Handler
 .text.BusFault_Handler
                0x0000000008002f8a        0x6 ./Core/Src/stm32f1xx_it.o
                0x0000000008002f8a                BusFault_Handler
 .text.UsageFault_Handler
                0x0000000008002f90        0x6 ./Core/Src/stm32f1xx_it.o
                0x0000000008002f90                UsageFault_Handler
 .text.DebugMon_Handler
                0x0000000008002f96        0xc ./Core/Src/stm32f1xx_it.o
                0x0000000008002f96                DebugMon_Handler
 .text.SysTick_Handler
                0x0000000008002fa2       0x1a ./Core/Src/stm32f1xx_it.o
                0x0000000008002fa2                SysTick_Handler
 .text.USART1_IRQHandler
                0x0000000008002fbc       0x14 ./Core/Src/stm32f1xx_it.o
                0x0000000008002fbc                USART1_IRQHandler
 .text.USART2_IRQHandler
                0x0000000008002fd0       0x14 ./Core/Src/stm32f1xx_it.o
                0x0000000008002fd0                USART2_IRQHandler
 .text.SystemInit
                0x0000000008002fe4        0xc ./Core/Src/system_stm32f1xx.o
                0x0000000008002fe4                SystemInit
 .text.Reset_Handler
                0x0000000008002ff0       0x48 ./Core/Startup/startup_stm32f103c8tx.o
                0x0000000008002ff0                Reset_Handler
 .text.Default_Handler
                0x0000000008003038        0x2 ./Core/Startup/startup_stm32f103c8tx.o
                0x0000000008003038                RTC_Alarm_IRQHandler
                0x0000000008003038                EXTI2_IRQHandler
                0x0000000008003038                TIM1_CC_IRQHandler
                0x0000000008003038                PVD_IRQHandler
                0x0000000008003038                EXTI3_IRQHandler
                0x0000000008003038                EXTI0_IRQHandler
                0x0000000008003038                I2C2_EV_IRQHandler
                0x0000000008003038                ADC1_2_IRQHandler
                0x0000000008003038                SPI1_IRQHandler
                0x0000000008003038                TAMPER_IRQHandler
                0x0000000008003038                DMA1_Channel4_IRQHandler
                0x0000000008003038                USART3_IRQHandler
                0x0000000008003038                RTC_IRQHandler
                0x0000000008003038                DMA1_Channel7_IRQHandler
                0x0000000008003038                CAN1_RX1_IRQHandler
                0x0000000008003038                TIM4_IRQHandler
                0x0000000008003038                I2C1_EV_IRQHandler
                0x0000000008003038                DMA1_Channel6_IRQHandler
                0x0000000008003038                TIM3_IRQHandler
                0x0000000008003038                RCC_IRQHandler
                0x0000000008003038                TIM1_TRG_COM_IRQHandler
                0x0000000008003038                DMA1_Channel1_IRQHandler
                0x0000000008003038                Default_Handler
                0x0000000008003038                EXTI15_10_IRQHandler
                0x0000000008003038                EXTI9_5_IRQHandler
                0x0000000008003038                SPI2_IRQHandler
                0x0000000008003038                DMA1_Channel5_IRQHandler
                0x0000000008003038                EXTI4_IRQHandler
                0x0000000008003038                USB_LP_CAN1_RX0_IRQHandler
                0x0000000008003038                USB_HP_CAN1_TX_IRQHandler
                0x0000000008003038                DMA1_Channel3_IRQHandler
                0x0000000008003038                TIM1_UP_IRQHandler
                0x0000000008003038                WWDG_IRQHandler
                0x0000000008003038                TIM2_IRQHandler
                0x0000000008003038                TIM1_BRK_IRQHandler
                0x0000000008003038                EXTI1_IRQHandler
                0x0000000008003038                I2C2_ER_IRQHandler
                0x0000000008003038                DMA1_Channel2_IRQHandler
                0x0000000008003038                CAN1_SCE_IRQHandler
                0x0000000008003038                FLASH_IRQHandler
                0x0000000008003038                I2C1_ER_IRQHandler
                0x0000000008003038                USBWakeUp_IRQHandler
 *fill*         0x000000000800303a        0x2 
 .text.HAL_Init
                0x000000000800303c       0x2c ./Drivers/STM32F1xx_HAL_Driver/Src/stm32f1xx_hal.o
                0x000000000800303c                HAL_Init
 .text.HAL_InitTick
                0x0000000008003068       0x60 ./Drivers/STM32F1xx_HAL_Driver/Src/stm32f1xx_hal.o
                0x0000000008003068                HAL_InitTick
 .text.HAL_IncTick
                0x00000000080030c8       0x24 ./Drivers/STM32F1xx_HAL_Driver/Src/stm32f1xx_hal.o
                0x00000000080030c8                HAL_IncTick
 .text.HAL_GetTick
                0x00000000080030ec       0x14 ./Drivers/STM32F1xx_HAL_Driver/Src/stm32f1xx_hal.o
                0x00000000080030ec                HAL_GetTick
 .text.HAL_ADC_Init
                0x0000000008003100      0x1b0 ./Drivers/STM32F1xx_HAL_Driver/Src/stm32f1xx_hal_adc.o
                0x0000000008003100                HAL_ADC_Init
 .text.HAL_ADC_Start
                0x00000000080032b0      0x15c ./Drivers/STM32F1xx_HAL_Driver/Src/stm32f1xx_hal_adc.o
                0x00000000080032b0                HAL_ADC_Start
 .text.HAL_ADC_GetValue
                0x000000000800340c       0x18 ./Drivers/STM32F1xx_HAL_Driver/Src/stm32f1xx_hal_adc.o
                0x000000000800340c                HAL_ADC_GetValue
 .text.HAL_ADC_ConfigChannel
                0x0000000008003424      0x1f0 ./Drivers/STM32F1xx_HAL_Driver/Src/stm32f1xx_hal_adc.o
                0x0000000008003424                HAL_ADC_ConfigChannel
 .text.ADC_Enable
                0x0000000008003614       0xb4 ./Drivers/STM32F1xx_HAL_Driver/Src/stm32f1xx_hal_adc.o
                0x0000000008003614                ADC_Enable
 .text.ADC_ConversionStop_Disable
                0x00000000080036c8       0x82 ./Drivers/STM32F1xx_HAL_Driver/Src/stm32f1xx_hal_adc.o
                0x00000000080036c8                ADC_ConversionStop_Disable
 *fill*         0x000000000800374a        0x2 
 .text.__NVIC_SetPriorityGrouping
                0x000000000800374c       0x48 ./Drivers/STM32F1xx_HAL_Driver/Src/stm32f1xx_hal_cortex.o
 .text.__NVIC_GetPriorityGrouping
                0x0000000008003794       0x1c ./Drivers/STM32F1xx_HAL_Driver/Src/stm32f1xx_hal_cortex.o
 .text.__NVIC_EnableIRQ
                0x00000000080037b0       0x38 ./Drivers/STM32F1xx_HAL_Driver/Src/stm32f1xx_hal_cortex.o
 .text.__NVIC_SetPriority
                0x00000000080037e8       0x54 ./Drivers/STM32F1xx_HAL_Driver/Src/stm32f1xx_hal_cortex.o
 .text.NVIC_EncodePriority
                0x000000000800383c       0x64 ./Drivers/STM32F1xx_HAL_Driver/Src/stm32f1xx_hal_cortex.o
 .text.SysTick_Config
                0x00000000080038a0       0x44 ./Drivers/STM32F1xx_HAL_Driver/Src/stm32f1xx_hal_cortex.o
 .text.HAL_NVIC_SetPriorityGrouping
                0x00000000080038e4       0x16 ./Drivers/STM32F1xx_HAL_Driver/Src/stm32f1xx_hal_cortex.o
                0x00000000080038e4                HAL_NVIC_SetPriorityGrouping
 .text.HAL_NVIC_SetPriority
                0x00000000080038fa       0x38 ./Drivers/STM32F1xx_HAL_Driver/Src/stm32f1xx_hal_cortex.o
                0x00000000080038fa                HAL_NVIC_SetPriority
 .text.HAL_NVIC_EnableIRQ
                0x0000000008003932       0x1c ./Drivers/STM32F1xx_HAL_Driver/Src/stm32f1xx_hal_cortex.o
                0x0000000008003932                HAL_NVIC_EnableIRQ
 .text.HAL_SYSTICK_Config
                0x000000000800394e       0x18 ./Drivers/STM32F1xx_HAL_Driver/Src/stm32f1xx_hal_cortex.o
                0x000000000800394e                HAL_SYSTICK_Config
 .text.HAL_DMA_Abort
                0x0000000008003966       0x74 ./Drivers/STM32F1xx_HAL_Driver/Src/stm32f1xx_hal_dma.o
                0x0000000008003966                HAL_DMA_Abort
 *fill*         0x00000000080039da        0x2 
 .text.HAL_DMA_Abort_IT
                0x00000000080039dc       0xec ./Drivers/STM32F1xx_HAL_Driver/Src/stm32f1xx_hal_dma.o
                0x00000000080039dc                HAL_DMA_Abort_IT
 .text.HAL_GPIO_Init
                0x0000000008003ac8      0x308 ./Drivers/STM32F1xx_HAL_Driver/Src/stm32f1xx_hal_gpio.o
                0x0000000008003ac8                HAL_GPIO_Init
 .text.HAL_GPIO_ReadPin
                0x0000000008003dd0       0x2e ./Drivers/STM32F1xx_HAL_Driver/Src/stm32f1xx_hal_gpio.o
                0x0000000008003dd0                HAL_GPIO_ReadPin
 .text.HAL_GPIO_WritePin
                0x0000000008003dfe       0x30 ./Drivers/STM32F1xx_HAL_Driver/Src/stm32f1xx_hal_gpio.o
                0x0000000008003dfe                HAL_GPIO_WritePin
 .text.HAL_GPIO_TogglePin
                0x0000000008003e2e       0x32 ./Drivers/STM32F1xx_HAL_Driver/Src/stm32f1xx_hal_gpio.o
                0x0000000008003e2e                HAL_GPIO_TogglePin
 .text.HAL_RCC_OscConfig
                0x0000000008003e60      0x504 ./Drivers/STM32F1xx_HAL_Driver/Src/stm32f1xx_hal_rcc.o
                0x0000000008003e60                HAL_RCC_OscConfig
 .text.HAL_RCC_ClockConfig
                0x0000000008004364      0x1d4 ./Drivers/STM32F1xx_HAL_Driver/Src/stm32f1xx_hal_rcc.o
                0x0000000008004364                HAL_RCC_ClockConfig
 .text.HAL_RCC_GetSysClockFreq
                0x0000000008004538       0xbc ./Drivers/STM32F1xx_HAL_Driver/Src/stm32f1xx_hal_rcc.o
                0x0000000008004538                HAL_RCC_GetSysClockFreq
 .text.HAL_RCC_GetHCLKFreq
                0x00000000080045f4       0x14 ./Drivers/STM32F1xx_HAL_Driver/Src/stm32f1xx_hal_rcc.o
                0x00000000080045f4                HAL_RCC_GetHCLKFreq
 .text.HAL_RCC_GetPCLK1Freq
                0x0000000008004608       0x28 ./Drivers/STM32F1xx_HAL_Driver/Src/stm32f1xx_hal_rcc.o
                0x0000000008004608                HAL_RCC_GetPCLK1Freq
 .text.HAL_RCC_GetPCLK2Freq
                0x0000000008004630       0x28 ./Drivers/STM32F1xx_HAL_Driver/Src/stm32f1xx_hal_rcc.o
                0x0000000008004630                HAL_RCC_GetPCLK2Freq
 .text.RCC_Delay
                0x0000000008004658       0x3c ./Drivers/STM32F1xx_HAL_Driver/Src/stm32f1xx_hal_rcc.o
 .text.HAL_RCCEx_PeriphCLKConfig
                0x0000000008004694      0x16c ./Drivers/STM32F1xx_HAL_Driver/Src/stm32f1xx_hal_rcc_ex.o
                0x0000000008004694                HAL_RCCEx_PeriphCLKConfig
 .text.HAL_SPI_Init
                0x0000000008004800      0x108 ./Drivers/STM32F1xx_HAL_Driver/Src/stm32f1xx_hal_spi.o
                0x0000000008004800                HAL_SPI_Init
 .text.HAL_SPI_Transmit
                0x0000000008004908      0x278 ./Drivers/STM32F1xx_HAL_Driver/Src/stm32f1xx_hal_spi.o
                0x0000000008004908                HAL_SPI_Transmit
 .text.HAL_SPI_Receive
                0x0000000008004b80      0x222 ./Drivers/STM32F1xx_HAL_Driver/Src/stm32f1xx_hal_spi.o
                0x0000000008004b80                HAL_SPI_Receive
 .text.HAL_SPI_TransmitReceive
                0x0000000008004da2      0x344 ./Drivers/STM32F1xx_HAL_Driver/Src/stm32f1xx_hal_spi.o
                0x0000000008004da2                HAL_SPI_TransmitReceive
 *fill*         0x00000000080050e6        0x2 
 .text.SPI_WaitFlagStateUntilTimeout
                0x00000000080050e8      0x110 ./Drivers/STM32F1xx_HAL_Driver/Src/stm32f1xx_hal_spi.o
 .text.SPI_EndRxTransaction
                0x00000000080051f8       0xa4 ./Drivers/STM32F1xx_HAL_Driver/Src/stm32f1xx_hal_spi.o
 .text.SPI_EndRxTxTransaction
                0x000000000800529c       0x3c ./Drivers/STM32F1xx_HAL_Driver/Src/stm32f1xx_hal_spi.o
 .text.HAL_UART_Init
                0x00000000080052d8       0x9a ./Drivers/STM32F1xx_HAL_Driver/Src/stm32f1xx_hal_uart.o
                0x00000000080052d8                HAL_UART_Init
 .text.HAL_UART_Transmit
                0x0000000008005372      0x124 ./Drivers/STM32F1xx_HAL_Driver/Src/stm32f1xx_hal_uart.o
                0x0000000008005372                HAL_UART_Transmit
 .text.HAL_UART_Transmit_IT
                0x0000000008005496       0x88 ./Drivers/STM32F1xx_HAL_Driver/Src/stm32f1xx_hal_uart.o
                0x0000000008005496                HAL_UART_Transmit_IT
 .text.HAL_UART_Receive_IT
                0x000000000800551e       0x60 ./Drivers/STM32F1xx_HAL_Driver/Src/stm32f1xx_hal_uart.o
                0x000000000800551e                HAL_UART_Receive_IT
 *fill*         0x000000000800557e        0x2 
 .text.HAL_UART_AbortReceive_IT
                0x0000000008005580       0xd4 ./Drivers/STM32F1xx_HAL_Driver/Src/stm32f1xx_hal_uart.o
                0x0000000008005580                HAL_UART_AbortReceive_IT
 .text.HAL_UART_IRQHandler
                0x0000000008005654      0x354 ./Drivers/STM32F1xx_HAL_Driver/Src/stm32f1xx_hal_uart.o
                0x0000000008005654                HAL_UART_IRQHandler
 .text.HAL_UART_ErrorCallback
                0x00000000080059a8       0x12 ./Drivers/STM32F1xx_HAL_Driver/Src/stm32f1xx_hal_uart.o
                0x00000000080059a8                HAL_UART_ErrorCallback
 .text.HAL_UART_AbortReceiveCpltCallback
                0x00000000080059ba       0x12 ./Drivers/STM32F1xx_HAL_Driver/Src/stm32f1xx_hal_uart.o
                0x00000000080059ba                HAL_UART_AbortReceiveCpltCallback
 .text.HAL_UARTEx_RxEventCallback
                0x00000000080059cc       0x16 ./Drivers/STM32F1xx_HAL_Driver/Src/stm32f1xx_hal_uart.o
                0x00000000080059cc                HAL_UARTEx_RxEventCallback
 .text.HAL_UART_GetState
                0x00000000080059e2       0x3a ./Drivers/STM32F1xx_HAL_Driver/Src/stm32f1xx_hal_uart.o
                0x00000000080059e2                HAL_UART_GetState
 .text.UART_WaitOnFlagUntilTimeout
                0x0000000008005a1c       0x94 ./Drivers/STM32F1xx_HAL_Driver/Src/stm32f1xx_hal_uart.o
 .text.UART_Start_Receive_IT
                0x0000000008005ab0       0x72 ./Drivers/STM32F1xx_HAL_Driver/Src/stm32f1xx_hal_uart.o
                0x0000000008005ab0                UART_Start_Receive_IT
 .text.UART_EndRxTransfer
                0x0000000008005b22       0x58 ./Drivers/STM32F1xx_HAL_Driver/Src/stm32f1xx_hal_uart.o
 .text.UART_DMAAbortOnError
                0x0000000008005b7a       0x28 ./Drivers/STM32F1xx_HAL_Driver/Src/stm32f1xx_hal_uart.o
 .text.UART_DMARxOnlyAbortCallback
                0x0000000008005ba2       0x30 ./Drivers/STM32F1xx_HAL_Driver/Src/stm32f1xx_hal_uart.o
 .text.UART_Transmit_IT
                0x0000000008005bd2       0x9e ./Drivers/STM32F1xx_HAL_Driver/Src/stm32f1xx_hal_uart.o
 .text.UART_EndTransmit_IT
                0x0000000008005c70       0x30 ./Drivers/STM32F1xx_HAL_Driver/Src/stm32f1xx_hal_uart.o
 .text.UART_Receive_IT
                0x0000000008005ca0      0x152 ./Drivers/STM32F1xx_HAL_Driver/Src/stm32f1xx_hal_uart.o
 *fill*         0x0000000008005df2        0x2 
 .text.UART_SetConfig
                0x0000000008005df4      0x11c ./Drivers/STM32F1xx_HAL_Driver/Src/stm32f1xx_hal_uart.o
 .text.osKernelInitialize
                0x0000000008005f10       0x64 ./Middlewares/Third_Party/FreeRTOS/Source/CMSIS_RTOS_V2/cmsis_os2.o
                0x0000000008005f10                osKernelInitialize
 .text.osKernelStart
                0x0000000008005f74       0x68 ./Middlewares/Third_Party/FreeRTOS/Source/CMSIS_RTOS_V2/cmsis_os2.o
                0x0000000008005f74                osKernelStart
 .text.osThreadNew
                0x0000000008005fdc      0x154 ./Middlewares/Third_Party/FreeRTOS/Source/CMSIS_RTOS_V2/cmsis_os2.o
                0x0000000008005fdc                osThreadNew
 .text.osDelay  0x0000000008006130       0x5c ./Middlewares/Third_Party/FreeRTOS/Source/CMSIS_RTOS_V2/cmsis_os2.o
                0x0000000008006130                osDelay
 .text.osSemaphoreNew
                0x000000000800618c      0x138 ./Middlewares/Third_Party/FreeRTOS/Source/CMSIS_RTOS_V2/cmsis_os2.o
                0x000000000800618c                osSemaphoreNew
 .text.osMessageQueueNew
                0x00000000080062c4      0x10c ./Middlewares/Third_Party/FreeRTOS/Source/CMSIS_RTOS_V2/cmsis_os2.o
                0x00000000080062c4                osMessageQueueNew
 .text.vApplicationGetIdleTaskMemory
                0x00000000080063d0       0x30 ./Middlewares/Third_Party/FreeRTOS/Source/CMSIS_RTOS_V2/cmsis_os2.o
                0x00000000080063d0                vApplicationGetIdleTaskMemory
 .text.vApplicationGetTimerTaskMemory
                0x0000000008006400       0x34 ./Middlewares/Third_Party/FreeRTOS/Source/CMSIS_RTOS_V2/cmsis_os2.o
                0x0000000008006400                vApplicationGetTimerTaskMemory
 .text.vListInitialise
                0x0000000008006434       0x3e ./Middlewares/Third_Party/FreeRTOS/Source/list.o
                0x0000000008006434                vListInitialise
 .text.vListInitialiseItem
                0x0000000008006472       0x18 ./Middlewares/Third_Party/FreeRTOS/Source/list.o
                0x0000000008006472                vListInitialiseItem
 .text.vListInsertEnd
                0x000000000800648a       0x46 ./Middlewares/Third_Party/FreeRTOS/Source/list.o
                0x000000000800648a                vListInsertEnd
 .text.vListInsert
                0x00000000080064d0       0x70 ./Middlewares/Third_Party/FreeRTOS/Source/list.o
                0x00000000080064d0                vListInsert
 .text.uxListRemove
                0x0000000008006540       0x52 ./Middlewares/Third_Party/FreeRTOS/Source/list.o
                0x0000000008006540                uxListRemove
 *fill*         0x0000000008006592        0x2 
 .text.xQueueGenericReset
                0x0000000008006594       0xd0 ./Middlewares/Third_Party/FreeRTOS/Source/queue.o
                0x0000000008006594                xQueueGenericReset
 .text.xQueueGenericCreateStatic
                0x0000000008006664       0xee ./Middlewares/Third_Party/FreeRTOS/Source/queue.o
                0x0000000008006664                xQueueGenericCreateStatic
 .text.xQueueGenericCreate
                0x0000000008006752       0x7c ./Middlewares/Third_Party/FreeRTOS/Source/queue.o
                0x0000000008006752                xQueueGenericCreate
 .text.prvInitialiseNewQueue
                0x00000000080067ce       0x46 ./Middlewares/Third_Party/FreeRTOS/Source/queue.o
 .text.xQueueCreateCountingSemaphoreStatic
                0x0000000008006814       0x6e ./Middlewares/Third_Party/FreeRTOS/Source/queue.o
                0x0000000008006814                xQueueCreateCountingSemaphoreStatic
 .text.xQueueCreateCountingSemaphore
                0x0000000008006882       0x66 ./Middlewares/Third_Party/FreeRTOS/Source/queue.o
                0x0000000008006882                xQueueCreateCountingSemaphore
 .text.xQueueGenericSend
                0x00000000080068e8      0x1fc ./Middlewares/Third_Party/FreeRTOS/Source/queue.o
                0x00000000080068e8                xQueueGenericSend
 .text.xQueueGenericSendFromISR
                0x0000000008006ae4      0x130 ./Middlewares/Third_Party/FreeRTOS/Source/queue.o
                0x0000000008006ae4                xQueueGenericSendFromISR
 .text.xQueueReceive
                0x0000000008006c14      0x1c0 ./Middlewares/Third_Party/FreeRTOS/Source/queue.o
                0x0000000008006c14                xQueueReceive
 .text.xQueueSemaphoreTake
                0x0000000008006dd4      0x218 ./Middlewares/Third_Party/FreeRTOS/Source/queue.o
                0x0000000008006dd4                xQueueSemaphoreTake
 .text.vQueueDelete
                0x0000000008006fec       0x46 ./Middlewares/Third_Party/FreeRTOS/Source/queue.o
                0x0000000008006fec                vQueueDelete
 .text.prvGetDisinheritPriorityAfterTimeout
                0x0000000008007032       0x2e ./Middlewares/Third_Party/FreeRTOS/Source/queue.o
 .text.prvCopyDataToQueue
                0x0000000008007060       0xd4 ./Middlewares/Third_Party/FreeRTOS/Source/queue.o
 .text.prvCopyDataFromQueue
                0x0000000008007134       0x4c ./Middlewares/Third_Party/FreeRTOS/Source/queue.o
 .text.prvUnlockQueue
                0x0000000008007180       0xa4 ./Middlewares/Third_Party/FreeRTOS/Source/queue.o
 .text.prvIsQueueEmpty
                0x0000000008007224       0x2c ./Middlewares/Third_Party/FreeRTOS/Source/queue.o
 .text.prvIsQueueFull
                0x0000000008007250       0x30 ./Middlewares/Third_Party/FreeRTOS/Source/queue.o
 .text.vQueueAddToRegistry
                0x0000000008007280       0x50 ./Middlewares/Third_Party/FreeRTOS/Source/queue.o
                0x0000000008007280                vQueueAddToRegistry
 .text.vQueueUnregisterQueue
                0x00000000080072d0       0x54 ./Middlewares/Third_Party/FreeRTOS/Source/queue.o
                0x00000000080072d0                vQueueUnregisterQueue
 .text.vQueueWaitForMessageRestricted
                0x0000000008007324       0x68 ./Middlewares/Third_Party/FreeRTOS/Source/queue.o
                0x0000000008007324                vQueueWaitForMessageRestricted
 .text.xTaskCreateStatic
                0x000000000800738c       0xb8 ./Middlewares/Third_Party/FreeRTOS/Source/tasks.o
                0x000000000800738c                xTaskCreateStatic
 .text.xTaskCreate
                0x0000000008007444       0x8a ./Middlewares/Third_Party/FreeRTOS/Source/tasks.o
                0x0000000008007444                xTaskCreate
 .text.prvInitialiseNewTask
                0x00000000080074ce      0x10e ./Middlewares/Third_Party/FreeRTOS/Source/tasks.o
 .text.prvAddNewTaskToReadyList
                0x00000000080075dc       0xe0 ./Middlewares/Third_Party/FreeRTOS/Source/tasks.o
 .text.vTaskDelay
                0x00000000080076bc       0x68 ./Middlewares/Third_Party/FreeRTOS/Source/tasks.o
                0x00000000080076bc                vTaskDelay
 .text.vTaskStartScheduler
                0x0000000008007724       0xcc ./Middlewares/Third_Party/FreeRTOS/Source/tasks.o
                0x0000000008007724                vTaskStartScheduler
 .text.vTaskSuspendAll
                0x00000000080077f0       0x1c ./Middlewares/Third_Party/FreeRTOS/Source/tasks.o
                0x00000000080077f0                vTaskSuspendAll
 .text.xTaskResumeAll
                0x000000000800780c      0x13c ./Middlewares/Third_Party/FreeRTOS/Source/tasks.o
                0x000000000800780c                xTaskResumeAll
 .text.xTaskGetTickCount
                0x0000000008007948       0x1c ./Middlewares/Third_Party/FreeRTOS/Source/tasks.o
                0x0000000008007948                xTaskGetTickCount
 .text.xTaskGetTickCountFromISR
                0x0000000008007964       0x24 ./Middlewares/Third_Party/FreeRTOS/Source/tasks.o
                0x0000000008007964                xTaskGetTickCountFromISR
 .text.xTaskIncrementTick
                0x0000000008007988      0x17c ./Middlewares/Third_Party/FreeRTOS/Source/tasks.o
                0x0000000008007988                xTaskIncrementTick
 .text.vTaskSwitchContext
                0x0000000008007b04       0xb8 ./Middlewares/Third_Party/FreeRTOS/Source/tasks.o
                0x0000000008007b04                vTaskSwitchContext
 .text.vTaskPlaceOnEventList
                0x0000000008007bbc       0x48 ./Middlewares/Third_Party/FreeRTOS/Source/tasks.o
                0x0000000008007bbc                vTaskPlaceOnEventList
 .text.vTaskPlaceOnEventListRestricted
                0x0000000008007c04       0x58 ./Middlewares/Third_Party/FreeRTOS/Source/tasks.o
                0x0000000008007c04                vTaskPlaceOnEventListRestricted
 .text.xTaskRemoveFromEventList
                0x0000000008007c5c       0xc8 ./Middlewares/Third_Party/FreeRTOS/Source/tasks.o
                0x0000000008007c5c                xTaskRemoveFromEventList
 .text.vTaskInternalSetTimeOutState
                0x0000000008007d24       0x2c ./Middlewares/Third_Party/FreeRTOS/Source/tasks.o
                0x0000000008007d24                vTaskInternalSetTimeOutState
 .text.xTaskCheckForTimeOut
                0x0000000008007d50       0xc4 ./Middlewares/Third_Party/FreeRTOS/Source/tasks.o
                0x0000000008007d50                xTaskCheckForTimeOut
 .text.vTaskMissedYield
                0x0000000008007e14       0x18 ./Middlewares/Third_Party/FreeRTOS/Source/tasks.o
                0x0000000008007e14                vTaskMissedYield
 .text.prvIdleTask
                0x0000000008007e2c       0x30 ./Middlewares/Third_Party/FreeRTOS/Source/tasks.o
 .text.prvInitialiseTaskLists
                0x0000000008007e5c       0x80 ./Middlewares/Third_Party/FreeRTOS/Source/tasks.o
 .text.prvCheckTasksWaitingTermination
                0x0000000008007edc       0x5c ./Middlewares/Third_Party/FreeRTOS/Source/tasks.o
 .text.prvDeleteTCB
                0x0000000008007f38       0x5e ./Middlewares/Third_Party/FreeRTOS/Source/tasks.o
 *fill*         0x0000000008007f96        0x2 
 .text.prvResetNextTaskUnblockTime
                0x0000000008007f98       0x48 ./Middlewares/Third_Party/FreeRTOS/Source/tasks.o
 .text.xTaskGetSchedulerState
                0x0000000008007fe0       0x3c ./Middlewares/Third_Party/FreeRTOS/Source/tasks.o
                0x0000000008007fe0                xTaskGetSchedulerState
 .text.xTaskPriorityInherit
                0x000000000800801c       0xdc ./Middlewares/Third_Party/FreeRTOS/Source/tasks.o
                0x000000000800801c                xTaskPriorityInherit
 .text.xTaskPriorityDisinherit
                0x00000000080080f8       0xdc ./Middlewares/Third_Party/FreeRTOS/Source/tasks.o
                0x00000000080080f8                xTaskPriorityDisinherit
 .text.vTaskPriorityDisinheritAfterTimeout
                0x00000000080081d4      0x10c ./Middlewares/Third_Party/FreeRTOS/Source/tasks.o
                0x00000000080081d4                vTaskPriorityDisinheritAfterTimeout
 .text.pvTaskIncrementMutexHeldCount
                0x00000000080082e0       0x28 ./Middlewares/Third_Party/FreeRTOS/Source/tasks.o
                0x00000000080082e0                pvTaskIncrementMutexHeldCount
 .text.ulTaskNotifyTake
                0x0000000008008308       0x90 ./Middlewares/Third_Party/FreeRTOS/Source/tasks.o
                0x0000000008008308                ulTaskNotifyTake
 .text.xTaskGenericNotify
                0x0000000008008398      0x148 ./Middlewares/Third_Party/FreeRTOS/Source/tasks.o
                0x0000000008008398                xTaskGenericNotify
 .text.xTaskGenericNotifyFromISR
                0x00000000080084e0      0x194 ./Middlewares/Third_Party/FreeRTOS/Source/tasks.o
                0x00000000080084e0                xTaskGenericNotifyFromISR
 .text.prvAddCurrentTaskToDelayedList
                0x0000000008008674       0xa8 ./Middlewares/Third_Party/FreeRTOS/Source/tasks.o
 .text.xTimerCreateTimerTask
                0x000000000800871c       0x90 ./Middlewares/Third_Party/FreeRTOS/Source/timers.o
                0x000000000800871c                xTimerCreateTimerTask
 .text.xTimerCreate
                0x00000000080087ac       0x42 ./Middlewares/Third_Party/FreeRTOS/Source/timers.o
                0x00000000080087ac                xTimerCreate
 .text.prvInitialiseNewTimer
                0x00000000080087ee       0x64 ./Middlewares/Third_Party/FreeRTOS/Source/timers.o
 *fill*         0x0000000008008852        0x2 
 .text.xTimerGenericCommand
                0x0000000008008854       0x9c ./Middlewares/Third_Party/FreeRTOS/Source/timers.o
                0x0000000008008854                xTimerGenericCommand
 .text.prvProcessExpiredTimer
                0x00000000080088f0       0x80 ./Middlewares/Third_Party/FreeRTOS/Source/timers.o
 .text.prvTimerTask
                0x0000000008008970       0x24 ./Middlewares/Third_Party/FreeRTOS/Source/timers.o
 .text.prvProcessTimerOrBlockTask
                0x0000000008008994       0x9c ./Middlewares/Third_Party/FreeRTOS/Source/timers.o
 .text.prvGetNextExpireTime
                0x0000000008008a30       0x48 ./Middlewares/Third_Party/FreeRTOS/Source/timers.o
 .text.prvSampleTimeNow
                0x0000000008008a78       0x40 ./Middlewares/Third_Party/FreeRTOS/Source/timers.o
 .text.prvInsertTimerInActiveList
                0x0000000008008ab8       0x84 ./Middlewares/Third_Party/FreeRTOS/Source/timers.o
 .text.prvProcessReceivedCommands
                0x0000000008008b3c      0x168 ./Middlewares/Third_Party/FreeRTOS/Source/timers.o
 .text.prvSwitchTimerLists
                0x0000000008008ca4       0xc4 ./Middlewares/Third_Party/FreeRTOS/Source/timers.o
 .text.prvCheckForValidListAndQueue
                0x0000000008008d68       0x80 ./Middlewares/Third_Party/FreeRTOS/Source/timers.o
 .text.pxPortInitialiseStack
                0x0000000008008de8       0x58 ./Middlewares/Third_Party/FreeRTOS/Source/portable/GCC/ARM_CM3/port.o
                0x0000000008008de8                pxPortInitialiseStack
 .text.prvTaskExitError
                0x0000000008008e40       0x58 ./Middlewares/Third_Party/FreeRTOS/Source/portable/GCC/ARM_CM3/port.o
 *fill*         0x0000000008008e98        0x8 
 .text.SVC_Handler
                0x0000000008008ea0       0x28 ./Middlewares/Third_Party/FreeRTOS/Source/portable/GCC/ARM_CM3/port.o
                0x0000000008008ea0                SVC_Handler
 .text.prvPortStartFirstTask
                0x0000000008008ec8       0x20 ./Middlewares/Third_Party/FreeRTOS/Source/portable/GCC/ARM_CM3/port.o
 .text.xPortStartScheduler
                0x0000000008008ee8       0xe4 ./Middlewares/Third_Party/FreeRTOS/Source/portable/GCC/ARM_CM3/port.o
                0x0000000008008ee8                xPortStartScheduler
 .text.vPortEnterCritical
                0x0000000008008fcc       0x60 ./Middlewares/Third_Party/FreeRTOS/Source/portable/GCC/ARM_CM3/port.o
                0x0000000008008fcc                vPortEnterCritical
 .text.vPortExitCritical
                0x000000000800902c       0x50 ./Middlewares/Third_Party/FreeRTOS/Source/portable/GCC/ARM_CM3/port.o
                0x000000000800902c                vPortExitCritical
 *fill*         0x000000000800907c        0x4 
 .text.PendSV_Handler
                0x0000000008009080       0x48 ./Middlewares/Third_Party/FreeRTOS/Source/portable/GCC/ARM_CM3/port.o
                0x0000000008009080                PendSV_Handler
 .text.xPortSysTickHandler
                0x00000000080090c8       0x44 ./Middlewares/Third_Party/FreeRTOS/Source/portable/GCC/ARM_CM3/port.o
                0x00000000080090c8                xPortSysTickHandler
 .text.vPortSetupTimerInterrupt
                0x000000000800910c       0x44 ./Middlewares/Third_Party/FreeRTOS/Source/portable/GCC/ARM_CM3/port.o
                0x000000000800910c                vPortSetupTimerInterrupt
 .text.vPortValidateInterruptPriority
                0x0000000008009150       0x7c ./Middlewares/Third_Party/FreeRTOS/Source/portable/GCC/ARM_CM3/port.o
                0x0000000008009150                vPortValidateInterruptPriority
 .text.pvPortMalloc
                0x00000000080091cc      0x188 ./Middlewares/Third_Party/FreeRTOS/Source/portable/MemMang/heap_4.o
                0x00000000080091cc                pvPortMalloc
 .text.vPortFree
                0x0000000008009354       0xb4 ./Middlewares/Third_Party/FreeRTOS/Source/portable/MemMang/heap_4.o
                0x0000000008009354                vPortFree
 .text.prvHeapInit
                0x0000000008009408       0xc4 ./Middlewares/Third_Party/FreeRTOS/Source/portable/MemMang/heap_4.o
 .text.prvInsertBlockIntoFreeList
                0x00000000080094cc       0xb0 ./Middlewares/Third_Party/FreeRTOS/Source/portable/MemMang/heap_4.o
 .text.__libc_init_array
                0x000000000800957c       0x48 c:/st/stm32cubeide_1.9.0/stm32cubeide/plugins/com.st.stm32cube.ide.mcu.externaltools.gnu-tools-for-stm32.10.3-2021.10.win32_1.0.0.202111181127/tools/bin/../lib/gcc/arm-none-eabi/10.3.1/../../../../arm-none-eabi/lib/thumb/v7-m/nofp\libc_nano.a(lib_a-init.o)
                0x000000000800957c                __libc_init_array
 .text.memcpy   0x00000000080095c4       0x1c c:/st/stm32cubeide_1.9.0/stm32cubeide/plugins/com.st.stm32cube.ide.mcu.externaltools.gnu-tools-for-stm32.10.3-2021.10.win32_1.0.0.202111181127/tools/bin/../lib/gcc/arm-none-eabi/10.3.1/../../../../arm-none-eabi/lib/thumb/v7-m/nofp\libc_nano.a(lib_a-memcpy-stub.o)
                0x00000000080095c4                memcpy
 .text.memset   0x00000000080095e0       0x10 c:/st/stm32cubeide_1.9.0/stm32cubeide/plugins/com.st.stm32cube.ide.mcu.externaltools.gnu-tools-for-stm32.10.3-2021.10.win32_1.0.0.202111181127/tools/bin/../lib/gcc/arm-none-eabi/10.3.1/../../../../arm-none-eabi/lib/thumb/v7-m/nofp\libc_nano.a(lib_a-memset.o)
                0x00000000080095e0                memset
 *(.glue_7)
 .glue_7        0x00000000080095f0        0x0 linker stubs
 *(.glue_7t)
 .glue_7t       0x00000000080095f0        0x0 linker stubs
 *(.eh_frame)
 .eh_frame      0x00000000080095f0        0x0 c:/st/stm32cubeide_1.9.0/stm32cubeide/plugins/com.st.stm32cube.ide.mcu.externaltools.gnu-tools-for-stm32.10.3-2021.10.win32_1.0.0.202111181127/tools/bin/../lib/gcc/arm-none-eabi/10.3.1/thumb/v7-m/nofp/crtbegin.o
 *(.init)
 .init          0x00000000080095f0        0x4 c:/st/stm32cubeide_1.9.0/stm32cubeide/plugins/com.st.stm32cube.ide.mcu.externaltools.gnu-tools-for-stm32.10.3-2021.10.win32_1.0.0.202111181127/tools/bin/../lib/gcc/arm-none-eabi/10.3.1/thumb/v7-m/nofp/crti.o
                0x00000000080095f0                _init
 .init          0x00000000080095f4        0x8 c:/st/stm32cubeide_1.9.0/stm32cubeide/plugins/com.st.stm32cube.ide.mcu.externaltools.gnu-tools-for-stm32.10.3-2021.10.win32_1.0.0.202111181127/tools/bin/../lib/gcc/arm-none-eabi/10.3.1/thumb/v7-m/nofp/crtn.o
 *(.fini)
 .fini          0x00000000080095fc        0x4 c:/st/stm32cubeide_1.9.0/stm32cubeide/plugins/com.st.stm32cube.ide.mcu.externaltools.gnu-tools-for-stm32.10.3-2021.10.win32_1.0.0.202111181127/tools/bin/../lib/gcc/arm-none-eabi/10.3.1/thumb/v7-m/nofp/crti.o
                0x00000000080095fc                _fini
 .fini          0x0000000008009600        0x8 c:/st/stm32cubeide_1.9.0/stm32cubeide/plugins/com.st.stm32cube.ide.mcu.externaltools.gnu-tools-for-stm32.10.3-2021.10.win32_1.0.0.202111181127/tools/bin/../lib/gcc/arm-none-eabi/10.3.1/thumb/v7-m/nofp/crtn.o
                0x0000000008009608                . = ALIGN (0x4)
                0x0000000008009608                _etext = .

.vfp11_veneer   0x0000000008009608        0x0
 .vfp11_veneer  0x0000000008009608        0x0 linker stubs

.v4_bx          0x0000000008009608        0x0
 .v4_bx         0x0000000008009608        0x0 linker stubs

.iplt           0x0000000008009608        0x0
 .iplt          0x0000000008009608        0x0 c:/st/stm32cubeide_1.9.0/stm32cubeide/plugins/com.st.stm32cube.ide.mcu.externaltools.gnu-tools-for-stm32.10.3-2021.10.win32_1.0.0.202111181127/tools/bin/../lib/gcc/arm-none-eabi/10.3.1/thumb/v7-m/nofp/crtbegin.o

.rodata         0x0000000008009608      0x148
                0x0000000008009608                . = ALIGN (0x4)
 *(.rodata)
 .rodata        0x0000000008009608       0x5d ./Core/Src/Modbus.o
 *fill*         0x0000000008009665        0x3 
 .rodata        0x0000000008009668        0xc ./Core/Src/main.o
 .rodata        0x0000000008009674       0x10 ./Drivers/STM32F1xx_HAL_Driver/Src/stm32f1xx_hal_rcc.o
 .rodata        0x0000000008009684        0x5 ./Middlewares/Third_Party/FreeRTOS/Source/tasks.o
 *fill*         0x0000000008009689        0x3 
 .rodata        0x000000000800968c        0xd ./Middlewares/Third_Party/FreeRTOS/Source/timers.o
 *(.rodata*)
 *fill*         0x0000000008009699        0x3 
 .rodata.QueueTelegram_attributes
                0x000000000800969c       0x18 ./Core/Src/Modbus.o
                0x000000000800969c                QueueTelegram_attributes
 .rodata.myTaskModbusA_attributes
                0x00000000080096b4       0x24 ./Core/Src/Modbus.o
                0x00000000080096b4                myTaskModbusA_attributes
 .rodata.myTaskModbusB_attributes
                0x00000000080096d8       0x24 ./Core/Src/Modbus.o
                0x00000000080096d8                myTaskModbusB_attributes
 .rodata.ModBusSphr_attributes
                0x00000000080096fc       0x10 ./Core/Src/Modbus.o
                0x00000000080096fc                ModBusSphr_attributes
 .rodata.fctsupported
                0x000000000800970c        0x8 ./Core/Src/Modbus.o
                0x000000000800970c                fctsupported
 .rodata.defaultTask_attributes
                0x0000000008009714       0x24 ./Core/Src/main.o
                0x0000000008009714                defaultTask_attributes
 .rodata.AHBPrescTable
                0x0000000008009738       0x10 ./Core/Src/system_stm32f1xx.o
                0x0000000008009738                AHBPrescTable
 .rodata.APBPrescTable
                0x0000000008009748        0x8 ./Core/Src/system_stm32f1xx.o
                0x0000000008009748                APBPrescTable
                0x0000000008009750                . = ALIGN (0x4)

.rel.dyn        0x0000000008009750        0x0
 .rel.iplt      0x0000000008009750        0x0 c:/st/stm32cubeide_1.9.0/stm32cubeide/plugins/com.st.stm32cube.ide.mcu.externaltools.gnu-tools-for-stm32.10.3-2021.10.win32_1.0.0.202111181127/tools/bin/../lib/gcc/arm-none-eabi/10.3.1/thumb/v7-m/nofp/crtbegin.o

.ARM.extab      0x0000000008009750        0x0
                0x0000000008009750                . = ALIGN (0x4)
 *(.ARM.extab* .gnu.linkonce.armextab.*)
                0x0000000008009750                . = ALIGN (0x4)

.ARM            0x0000000008009750        0x0
                0x0000000008009750                . = ALIGN (0x4)
                0x0000000008009750                __exidx_start = .
 *(.ARM.exidx*)
                0x0000000008009750                __exidx_end = .
                0x0000000008009750                . = ALIGN (0x4)

.preinit_array  0x0000000008009750        0x0
                0x0000000008009750                . = ALIGN (0x4)
                0x0000000008009750                PROVIDE (__preinit_array_start = .)
 *(.preinit_array*)
                0x0000000008009750                PROVIDE (__preinit_array_end = .)
                0x0000000008009750                . = ALIGN (0x4)

.init_array     0x0000000008009750        0x4
                0x0000000008009750                . = ALIGN (0x4)
                0x0000000008009750                PROVIDE (__init_array_start = .)
 *(SORT_BY_NAME(.init_array.*))
 *(.init_array*)
 .init_array    0x0000000008009750        0x4 c:/st/stm32cubeide_1.9.0/stm32cubeide/plugins/com.st.stm32cube.ide.mcu.externaltools.gnu-tools-for-stm32.10.3-2021.10.win32_1.0.0.202111181127/tools/bin/../lib/gcc/arm-none-eabi/10.3.1/thumb/v7-m/nofp/crtbegin.o
                0x0000000008009754                PROVIDE (__init_array_end = .)
                0x0000000008009754                . = ALIGN (0x4)

.fini_array     0x0000000008009754        0x4
                0x0000000008009754                . = ALIGN (0x4)
                [!provide]                        PROVIDE (__fini_array_start = .)
 *(SORT_BY_NAME(.fini_array.*))
 *(.fini_array*)
 .fini_array    0x0000000008009754        0x4 c:/st/stm32cubeide_1.9.0/stm32cubeide/plugins/com.st.stm32cube.ide.mcu.externaltools.gnu-tools-for-stm32.10.3-2021.10.win32_1.0.0.202111181127/tools/bin/../lib/gcc/arm-none-eabi/10.3.1/thumb/v7-m/nofp/crtbegin.o
                [!provide]                        PROVIDE (__fini_array_end = .)
                0x0000000008009758                . = ALIGN (0x4)
                0x0000000008009758                _sidata = LOADADDR (.data)

.data           0x0000000020000000       0x10 load address 0x0000000008009758
                0x0000000020000000                . = ALIGN (0x4)
                0x0000000020000000                _sdata = .
 *(.data)
 *(.data*)
 .data.SystemCoreClock
                0x0000000020000000        0x4 ./Core/Src/system_stm32f1xx.o
                0x0000000020000000                SystemCoreClock
 .data.uwTickPrio
                0x0000000020000004        0x4 ./Drivers/STM32F1xx_HAL_Driver/Src/stm32f1xx_hal.o
                0x0000000020000004                uwTickPrio
 .data.uwTickFreq
                0x0000000020000008        0x1 ./Drivers/STM32F1xx_HAL_Driver/Src/stm32f1xx_hal.o
                0x0000000020000008                uwTickFreq
 *fill*         0x0000000020000009        0x3 
 .data.uxCriticalNesting
                0x000000002000000c        0x4 ./Middlewares/Third_Party/FreeRTOS/Source/portable/GCC/ARM_CM3/port.o
 *(.RamFunc)
 *(.RamFunc*)
                0x0000000020000010                . = ALIGN (0x4)
                0x0000000020000010                _edata = .

.igot.plt       0x0000000020000010        0x0 load address 0x0000000008009768
 .igot.plt      0x0000000020000010        0x0 c:/st/stm32cubeide_1.9.0/stm32cubeide/plugins/com.st.stm32cube.ide.mcu.externaltools.gnu-tools-for-stm32.10.3-2021.10.win32_1.0.0.202111181127/tools/bin/../lib/gcc/arm-none-eabi/10.3.1/thumb/v7-m/nofp/crtbegin.o
                0x0000000020000010                . = ALIGN (0x4)

.bss            0x0000000020000010     0x1c04 load address 0x0000000008009768
                0x0000000020000010                _sbss = .
                0x0000000020000010                __bss_start__ = _sbss
 *(.bss)
 .bss           0x0000000020000010       0x1c c:/st/stm32cubeide_1.9.0/stm32cubeide/plugins/com.st.stm32cube.ide.mcu.externaltools.gnu-tools-for-stm32.10.3-2021.10.win32_1.0.0.202111181127/tools/bin/../lib/gcc/arm-none-eabi/10.3.1/thumb/v7-m/nofp/crtbegin.o
 *(.bss*)
 .bss.mHandlers
                0x000000002000002c        0x8 ./Core/Src/Modbus.o
                0x000000002000002c                mHandlers
 .bss.numberHandlers
                0x0000000020000034        0x1 ./Core/Src/Modbus.o
                0x0000000020000034                numberHandlers
 *fill*         0x0000000020000035        0x3 
 .bss.hadc1     0x0000000020000038       0x30 ./Core/Src/main.o
                0x0000000020000038                hadc1
 .bss.hadc2     0x0000000020000068       0x30 ./Core/Src/main.o
                0x0000000020000068                hadc2
 .bss.hspi2     0x0000000020000098       0x58 ./Core/Src/main.o
                0x0000000020000098                hspi2
 .bss.huart1    0x00000000200000f0       0x44 ./Core/Src/main.o
                0x00000000200000f0                huart1
 .bss.huart2    0x0000000020000134       0x44 ./Core/Src/main.o
                0x0000000020000134                huart2
 .bss.defaultTaskHandle
                0x0000000020000178        0x4 ./Core/Src/main.o
                0x0000000020000178                defaultTaskHandle
 .bss.ModbusH   0x000000002000017c      0x144 ./Core/Src/main.o
                0x000000002000017c                ModbusH
 .bss.Register  0x00000000200002c0        0x8 ./Core/Src/main.o
                0x00000000200002c0                Register
 .bss.uwTick    0x00000000200002c8        0x4 ./Drivers/STM32F1xx_HAL_Driver/Src/stm32f1xx_hal.o
                0x00000000200002c8                uwTick
 .bss.KernelState
                0x00000000200002cc        0x4 ./Middlewares/Third_Party/FreeRTOS/Source/CMSIS_RTOS_V2/cmsis_os2.o
 .bss.Idle_TCB  0x00000000200002d0       0x5c ./Middlewares/Third_Party/FreeRTOS/Source/CMSIS_RTOS_V2/cmsis_os2.o
 .bss.Idle_Stack
                0x000000002000032c      0x200 ./Middlewares/Third_Party/FreeRTOS/Source/CMSIS_RTOS_V2/cmsis_os2.o
 .bss.Timer_TCB
                0x000000002000052c       0x5c ./Middlewares/Third_Party/FreeRTOS/Source/CMSIS_RTOS_V2/cmsis_os2.o
 .bss.Timer_Stack
                0x0000000020000588      0x400 ./Middlewares/Third_Party/FreeRTOS/Source/CMSIS_RTOS_V2/cmsis_os2.o
 .bss.xQueueRegistry
                0x0000000020000988       0x40 ./Middlewares/Third_Party/FreeRTOS/Source/queue.o
                0x0000000020000988                xQueueRegistry
 .bss.pxCurrentTCB
                0x00000000200009c8        0x4 ./Middlewares/Third_Party/FreeRTOS/Source/tasks.o
                0x00000000200009c8                pxCurrentTCB
 .bss.pxReadyTasksLists
                0x00000000200009cc      0x460 ./Middlewares/Third_Party/FreeRTOS/Source/tasks.o
 .bss.xDelayedTaskList1
                0x0000000020000e2c       0x14 ./Middlewares/Third_Party/FreeRTOS/Source/tasks.o
 .bss.xDelayedTaskList2
                0x0000000020000e40       0x14 ./Middlewares/Third_Party/FreeRTOS/Source/tasks.o
 .bss.pxDelayedTaskList
                0x0000000020000e54        0x4 ./Middlewares/Third_Party/FreeRTOS/Source/tasks.o
 .bss.pxOverflowDelayedTaskList
                0x0000000020000e58        0x4 ./Middlewares/Third_Party/FreeRTOS/Source/tasks.o
 .bss.xPendingReadyList
                0x0000000020000e5c       0x14 ./Middlewares/Third_Party/FreeRTOS/Source/tasks.o
 .bss.xTasksWaitingTermination
                0x0000000020000e70       0x14 ./Middlewares/Third_Party/FreeRTOS/Source/tasks.o
 .bss.uxDeletedTasksWaitingCleanUp
                0x0000000020000e84        0x4 ./Middlewares/Third_Party/FreeRTOS/Source/tasks.o
 .bss.xSuspendedTaskList
                0x0000000020000e88       0x14 ./Middlewares/Third_Party/FreeRTOS/Source/tasks.o
 .bss.uxCurrentNumberOfTasks
                0x0000000020000e9c        0x4 ./Middlewares/Third_Party/FreeRTOS/Source/tasks.o
 .bss.xTickCount
                0x0000000020000ea0        0x4 ./Middlewares/Third_Party/FreeRTOS/Source/tasks.o
 .bss.uxTopReadyPriority
                0x0000000020000ea4        0x4 ./Middlewares/Third_Party/FreeRTOS/Source/tasks.o
 .bss.xSchedulerRunning
                0x0000000020000ea8        0x4 ./Middlewares/Third_Party/FreeRTOS/Source/tasks.o
 .bss.uxPendedTicks
                0x0000000020000eac        0x4 ./Middlewares/Third_Party/FreeRTOS/Source/tasks.o
 .bss.xYieldPending
                0x0000000020000eb0        0x4 ./Middlewares/Third_Party/FreeRTOS/Source/tasks.o
 .bss.xNumOfOverflows
                0x0000000020000eb4        0x4 ./Middlewares/Third_Party/FreeRTOS/Source/tasks.o
 .bss.uxTaskNumber
                0x0000000020000eb8        0x4 ./Middlewares/Third_Party/FreeRTOS/Source/tasks.o
 .bss.xNextTaskUnblockTime
                0x0000000020000ebc        0x4 ./Middlewares/Third_Party/FreeRTOS/Source/tasks.o
 .bss.xIdleTaskHandle
                0x0000000020000ec0        0x4 ./Middlewares/Third_Party/FreeRTOS/Source/tasks.o
 .bss.uxSchedulerSuspended
                0x0000000020000ec4        0x4 ./Middlewares/Third_Party/FreeRTOS/Source/tasks.o
 .bss.xActiveTimerList1
                0x0000000020000ec8       0x14 ./Middlewares/Third_Party/FreeRTOS/Source/timers.o
 .bss.xActiveTimerList2
                0x0000000020000edc       0x14 ./Middlewares/Third_Party/FreeRTOS/Source/timers.o
 .bss.pxCurrentTimerList
                0x0000000020000ef0        0x4 ./Middlewares/Third_Party/FreeRTOS/Source/timers.o
 .bss.pxOverflowTimerList
                0x0000000020000ef4        0x4 ./Middlewares/Third_Party/FreeRTOS/Source/timers.o
 .bss.xTimerQueue
                0x0000000020000ef8        0x4 ./Middlewares/Third_Party/FreeRTOS/Source/timers.o
 .bss.xTimerTaskHandle
                0x0000000020000efc        0x4 ./Middlewares/Third_Party/FreeRTOS/Source/timers.o
 .bss.xLastTime.2
                0x0000000020000f00        0x4 ./Middlewares/Third_Party/FreeRTOS/Source/timers.o
 .bss.ucStaticTimerQueueStorage.1
                0x0000000020000f04       0xa0 ./Middlewares/Third_Party/FreeRTOS/Source/timers.o
 .bss.xStaticTimerQueue.0
                0x0000000020000fa4       0x50 ./Middlewares/Third_Party/FreeRTOS/Source/timers.o
 .bss.ucMaxSysCallPriority
                0x0000000020000ff4        0x1 ./Middlewares/Third_Party/FreeRTOS/Source/portable/GCC/ARM_CM3/port.o
 *fill*         0x0000000020000ff5        0x3 
 .bss.ulMaxPRIGROUPValue
                0x0000000020000ff8        0x4 ./Middlewares/Third_Party/FreeRTOS/Source/portable/GCC/ARM_CM3/port.o
 .bss.ucHeap    0x0000000020000ffc      0xc00 ./Middlewares/Third_Party/FreeRTOS/Source/portable/MemMang/heap_4.o
 .bss.xStart    0x0000000020001bfc        0x8 ./Middlewares/Third_Party/FreeRTOS/Source/portable/MemMang/heap_4.o
 .bss.pxEnd     0x0000000020001c04        0x4 ./Middlewares/Third_Party/FreeRTOS/Source/portable/MemMang/heap_4.o
 .bss.xFreeBytesRemaining
                0x0000000020001c08        0x4 ./Middlewares/Third_Party/FreeRTOS/Source/portable/MemMang/heap_4.o
 .bss.xMinimumEverFreeBytesRemaining
                0x0000000020001c0c        0x4 ./Middlewares/Third_Party/FreeRTOS/Source/portable/MemMang/heap_4.o
 .bss.xBlockAllocatedBit
                0x0000000020001c10        0x4 ./Middlewares/Third_Party/FreeRTOS/Source/portable/MemMang/heap_4.o
 *(COMMON)
                0x0000000020001c14                . = ALIGN (0x4)
                0x0000000020001c14                _ebss = .
                0x0000000020001c14                __bss_end__ = _ebss

._user_heap_stack
                0x0000000020001c14      0x604 load address 0x0000000008009768
                0x0000000020001c18                . = ALIGN (0x8)
 *fill*         0x0000000020001c14        0x4 
                [!provide]                        PROVIDE (end = .)
                0x0000000020001c18                PROVIDE (_end = .)
                0x0000000020001e18                . = (. + _Min_Heap_Size)
 *fill*         0x0000000020001c18      0x200 
                0x0000000020002218                . = (. + _Min_Stack_Size)
 *fill*         0x0000000020001e18      0x400 
                0x0000000020002218                . = ALIGN (0x8)

/DISCARD/
 libc.a(*)
 libm.a(*)
 libgcc.a(*)

.ARM.attributes
                0x0000000000000000       0x29
 *(.ARM.attributes)
 .ARM.attributes
                0x0000000000000000       0x1d c:/st/stm32cubeide_1.9.0/stm32cubeide/plugins/com.st.stm32cube.ide.mcu.externaltools.gnu-tools-for-stm32.10.3-2021.10.win32_1.0.0.202111181127/tools/bin/../lib/gcc/arm-none-eabi/10.3.1/thumb/v7-m/nofp/crti.o
 .ARM.attributes
                0x000000000000001d       0x2d c:/st/stm32cubeide_1.9.0/stm32cubeide/plugins/com.st.stm32cube.ide.mcu.externaltools.gnu-tools-for-stm32.10.3-2021.10.win32_1.0.0.202111181127/tools/bin/../lib/gcc/arm-none-eabi/10.3.1/thumb/v7-m/nofp/crtbegin.o
 .ARM.attributes
                0x000000000000004a       0x2d ./Core/Src/Modbus.o
 .ARM.attributes
                0x0000000000000077       0x2d ./Core/Src/UARTCallback.o
 .ARM.attributes
                0x00000000000000a4       0x2d ./Core/Src/main.o
 .ARM.attributes
                0x00000000000000d1       0x2d ./Core/Src/stm32f1xx_hal_msp.o
 .ARM.attributes
                0x00000000000000fe       0x2d ./Core/Src/stm32f1xx_it.o
 .ARM.attributes
                0x000000000000012b       0x2d ./Core/Src/system_stm32f1xx.o
 .ARM.attributes
                0x0000000000000158       0x21 ./Core/Startup/startup_stm32f103c8tx.o
 .ARM.attributes
                0x0000000000000179       0x2d ./Drivers/STM32F1xx_HAL_Driver/Src/stm32f1xx_hal.o
 .ARM.attributes
                0x00000000000001a6       0x2d ./Drivers/STM32F1xx_HAL_Driver/Src/stm32f1xx_hal_adc.o
 .ARM.attributes
                0x00000000000001d3       0x2d ./Drivers/STM32F1xx_HAL_Driver/Src/stm32f1xx_hal_cortex.o
 .ARM.attributes
                0x0000000000000200       0x2d ./Drivers/STM32F1xx_HAL_Driver/Src/stm32f1xx_hal_dma.o
 .ARM.attributes
                0x000000000000022d       0x2d ./Drivers/STM32F1xx_HAL_Driver/Src/stm32f1xx_hal_gpio.o
 .ARM.attributes
                0x000000000000025a       0x2d ./Drivers/STM32F1xx_HAL_Driver/Src/stm32f1xx_hal_rcc.o
 .ARM.attributes
                0x0000000000000287       0x2d ./Drivers/STM32F1xx_HAL_Driver/Src/stm32f1xx_hal_rcc_ex.o
 .ARM.attributes
                0x00000000000002b4       0x2d ./Drivers/STM32F1xx_HAL_Driver/Src/stm32f1xx_hal_spi.o
 .ARM.attributes
                0x00000000000002e1       0x2d ./Drivers/STM32F1xx_HAL_Driver/Src/stm32f1xx_hal_uart.o
 .ARM.attributes
                0x000000000000030e       0x2d ./Middlewares/Third_Party/FreeRTOS/Source/CMSIS_RTOS_V2/cmsis_os2.o
 .ARM.attributes
                0x000000000000033b       0x2d ./Middlewares/Third_Party/FreeRTOS/Source/list.o
 .ARM.attributes
                0x0000000000000368       0x2d ./Middlewares/Third_Party/FreeRTOS/Source/queue.o
 .ARM.attributes
                0x0000000000000395       0x2d ./Middlewares/Third_Party/FreeRTOS/Source/tasks.o
 .ARM.attributes
                0x00000000000003c2       0x2d ./Middlewares/Third_Party/FreeRTOS/Source/timers.o
 .ARM.attributes
                0x00000000000003ef       0x2d ./Middlewares/Third_Party/FreeRTOS/Source/portable/GCC/ARM_CM3/port.o
 .ARM.attributes
                0x000000000000041c       0x2d ./Middlewares/Third_Party/FreeRTOS/Source/portable/MemMang/heap_4.o
 .ARM.attributes
                0x0000000000000449       0x2d c:/st/stm32cubeide_1.9.0/stm32cubeide/plugins/com.st.stm32cube.ide.mcu.externaltools.gnu-tools-for-stm32.10.3-2021.10.win32_1.0.0.202111181127/tools/bin/../lib/gcc/arm-none-eabi/10.3.1/../../../../arm-none-eabi/lib/thumb/v7-m/nofp\libc_nano.a(lib_a-init.o)
 .ARM.attributes
                0x0000000000000476       0x2d c:/st/stm32cubeide_1.9.0/stm32cubeide/plugins/com.st.stm32cube.ide.mcu.externaltools.gnu-tools-for-stm32.10.3-2021.10.win32_1.0.0.202111181127/tools/bin/../lib/gcc/arm-none-eabi/10.3.1/../../../../arm-none-eabi/lib/thumb/v7-m/nofp\libc_nano.a(lib_a-memcpy-stub.o)
 .ARM.attributes
                0x00000000000004a3       0x2d c:/st/stm32cubeide_1.9.0/stm32cubeide/plugins/com.st.stm32cube.ide.mcu.externaltools.gnu-tools-for-stm32.10.3-2021.10.win32_1.0.0.202111181127/tools/bin/../lib/gcc/arm-none-eabi/10.3.1/../../../../arm-none-eabi/lib/thumb/v7-m/nofp\libc_nano.a(lib_a-memset.o)
 .ARM.attributes
                0x00000000000004d0       0x1d c:/st/stm32cubeide_1.9.0/stm32cubeide/plugins/com.st.stm32cube.ide.mcu.externaltools.gnu-tools-for-stm32.10.3-2021.10.win32_1.0.0.202111181127/tools/bin/../lib/gcc/arm-none-eabi/10.3.1/thumb/v7-m/nofp\libgcc.a(_arm_addsubdf3.o)
 .ARM.attributes
                0x00000000000004ed       0x1d c:/st/stm32cubeide_1.9.0/stm32cubeide/plugins/com.st.stm32cube.ide.mcu.externaltools.gnu-tools-for-stm32.10.3-2021.10.win32_1.0.0.202111181127/tools/bin/../lib/gcc/arm-none-eabi/10.3.1/thumb/v7-m/nofp\libgcc.a(_arm_muldivdf3.o)
 .ARM.attributes
                0x000000000000050a       0x1d c:/st/stm32cubeide_1.9.0/stm32cubeide/plugins/com.st.stm32cube.ide.mcu.externaltools.gnu-tools-for-stm32.10.3-2021.10.win32_1.0.0.202111181127/tools/bin/../lib/gcc/arm-none-eabi/10.3.1/thumb/v7-m/nofp\libgcc.a(_arm_truncdfsf2.o)
 .ARM.attributes
                0x0000000000000527       0x1d c:/st/stm32cubeide_1.9.0/stm32cubeide/plugins/com.st.stm32cube.ide.mcu.externaltools.gnu-tools-for-stm32.10.3-2021.10.win32_1.0.0.202111181127/tools/bin/../lib/gcc/arm-none-eabi/10.3.1/thumb/v7-m/nofp\libgcc.a(_arm_addsubsf3.o)
 .ARM.attributes
                0x0000000000000544       0x1d c:/st/stm32cubeide_1.9.0/stm32cubeide/plugins/com.st.stm32cube.ide.mcu.externaltools.gnu-tools-for-stm32.10.3-2021.10.win32_1.0.0.202111181127/tools/bin/../lib/gcc/arm-none-eabi/10.3.1/thumb/v7-m/nofp\libgcc.a(_arm_muldivsf3.o)
 .ARM.attributes
                0x0000000000000561       0x1d c:/st/stm32cubeide_1.9.0/stm32cubeide/plugins/com.st.stm32cube.ide.mcu.externaltools.gnu-tools-for-stm32.10.3-2021.10.win32_1.0.0.202111181127/tools/bin/../lib/gcc/arm-none-eabi/10.3.1/thumb/v7-m/nofp/crtn.o
OUTPUT(LVTN.elf elf32-littlearm)
LOAD linker stubs
LOAD c:/st/stm32cubeide_1.9.0/stm32cubeide/plugins/com.st.stm32cube.ide.mcu.externaltools.gnu-tools-for-stm32.10.3-2021.10.win32_1.0.0.202111181127/tools/bin/../lib/gcc/arm-none-eabi/10.3.1/../../../../arm-none-eabi/lib/thumb/v7-m/nofp\libc.a
LOAD c:/st/stm32cubeide_1.9.0/stm32cubeide/plugins/com.st.stm32cube.ide.mcu.externaltools.gnu-tools-for-stm32.10.3-2021.10.win32_1.0.0.202111181127/tools/bin/../lib/gcc/arm-none-eabi/10.3.1/../../../../arm-none-eabi/lib/thumb/v7-m/nofp\libm.a
LOAD c:/st/stm32cubeide_1.9.0/stm32cubeide/plugins/com.st.stm32cube.ide.mcu.externaltools.gnu-tools-for-stm32.10.3-2021.10.win32_1.0.0.202111181127/tools/bin/../lib/gcc/arm-none-eabi/10.3.1/thumb/v7-m/nofp\libgcc.a

.debug_info     0x0000000000000000    0x15651
 .debug_info    0x0000000000000000     0x1b53 ./Core/Src/Modbus.o
 .debug_info    0x0000000000001b53      0xa7c ./Core/Src/UARTCallback.o
 .debug_info    0x00000000000025cf     0x18c0 ./Core/Src/main.o
 .debug_info    0x0000000000003e8f     0x1011 ./Core/Src/stm32f1xx_hal_msp.o
 .debug_info    0x0000000000004ea0      0x630 ./Core/Src/stm32f1xx_it.o
 .debug_info    0x00000000000054d0      0x23d ./Core/Src/system_stm32f1xx.o
 .debug_info    0x000000000000570d       0x22 ./Core/Startup/startup_stm32f103c8tx.o
 .debug_info    0x000000000000572f      0x734 ./Drivers/STM32F1xx_HAL_Driver/Src/stm32f1xx_hal.o
 .debug_info    0x0000000000005e63      0xcd9 ./Drivers/STM32F1xx_HAL_Driver/Src/stm32f1xx_hal_adc.o
 .debug_info    0x0000000000006b3c      0xb20 ./Drivers/STM32F1xx_HAL_Driver/Src/stm32f1xx_hal_cortex.o
 .debug_info    0x000000000000765c      0x73f ./Drivers/STM32F1xx_HAL_Driver/Src/stm32f1xx_hal_dma.o
 .debug_info    0x0000000000007d9b      0x615 ./Drivers/STM32F1xx_HAL_Driver/Src/stm32f1xx_hal_gpio.o
 .debug_info    0x00000000000083b0      0x860 ./Drivers/STM32F1xx_HAL_Driver/Src/stm32f1xx_hal_rcc.o
 .debug_info    0x0000000000008c10      0x3e0 ./Drivers/STM32F1xx_HAL_Driver/Src/stm32f1xx_hal_rcc_ex.o
 .debug_info    0x0000000000008ff0     0x1658 ./Drivers/STM32F1xx_HAL_Driver/Src/stm32f1xx_hal_spi.o
 .debug_info    0x000000000000a648     0x15d8 ./Drivers/STM32F1xx_HAL_Driver/Src/stm32f1xx_hal_uart.o
 .debug_info    0x000000000000bc20     0x3bef ./Middlewares/Third_Party/FreeRTOS/Source/CMSIS_RTOS_V2/cmsis_os2.o
 .debug_info    0x000000000000f80f      0x2cb ./Middlewares/Third_Party/FreeRTOS/Source/list.o
 .debug_info    0x000000000000fada     0x1bf9 ./Middlewares/Third_Party/FreeRTOS/Source/queue.o
 .debug_info    0x00000000000116d3     0x224a ./Middlewares/Third_Party/FreeRTOS/Source/tasks.o
 .debug_info    0x000000000001391d     0x1495 ./Middlewares/Third_Party/FreeRTOS/Source/timers.o
 .debug_info    0x0000000000014db2      0x4b7 ./Middlewares/Third_Party/FreeRTOS/Source/portable/GCC/ARM_CM3/port.o
 .debug_info    0x0000000000015269      0x3e8 ./Middlewares/Third_Party/FreeRTOS/Source/portable/MemMang/heap_4.o

.debug_abbrev   0x0000000000000000     0x358e
 .debug_abbrev  0x0000000000000000      0x3ca ./Core/Src/Modbus.o
 .debug_abbrev  0x00000000000003ca      0x217 ./Core/Src/UARTCallback.o
 .debug_abbrev  0x00000000000005e1      0x358 ./Core/Src/main.o
 .debug_abbrev  0x0000000000000939      0x1f0 ./Core/Src/stm32f1xx_hal_msp.o
 .debug_abbrev  0x0000000000000b29      0x187 ./Core/Src/stm32f1xx_it.o
 .debug_abbrev  0x0000000000000cb0      0x13b ./Core/Src/system_stm32f1xx.o
 .debug_abbrev  0x0000000000000deb       0x12 ./Core/Startup/startup_stm32f103c8tx.o
 .debug_abbrev  0x0000000000000dfd      0x1fb ./Drivers/STM32F1xx_HAL_Driver/Src/stm32f1xx_hal.o
 .debug_abbrev  0x0000000000000ff8      0x210 ./Drivers/STM32F1xx_HAL_Driver/Src/stm32f1xx_hal_adc.o
 .debug_abbrev  0x0000000000001208      0x2ed ./Drivers/STM32F1xx_HAL_Driver/Src/stm32f1xx_hal_cortex.o
 .debug_abbrev  0x00000000000014f5      0x1fe ./Drivers/STM32F1xx_HAL_Driver/Src/stm32f1xx_hal_dma.o
 .debug_abbrev  0x00000000000016f3      0x1bb ./Drivers/STM32F1xx_HAL_Driver/Src/stm32f1xx_hal_gpio.o
 .debug_abbrev  0x00000000000018ae      0x2a8 ./Drivers/STM32F1xx_HAL_Driver/Src/stm32f1xx_hal_rcc.o
 .debug_abbrev  0x0000000000001b56      0x182 ./Drivers/STM32F1xx_HAL_Driver/Src/stm32f1xx_hal_rcc_ex.o
 .debug_abbrev  0x0000000000001cd8      0x26e ./Drivers/STM32F1xx_HAL_Driver/Src/stm32f1xx_hal_spi.o
 .debug_abbrev  0x0000000000001f46      0x278 ./Drivers/STM32F1xx_HAL_Driver/Src/stm32f1xx_hal_uart.o
 .debug_abbrev  0x00000000000021be      0x414 ./Middlewares/Third_Party/FreeRTOS/Source/CMSIS_RTOS_V2/cmsis_os2.o
 .debug_abbrev  0x00000000000025d2       0xf2 ./Middlewares/Third_Party/FreeRTOS/Source/list.o
 .debug_abbrev  0x00000000000026c4      0x3ba ./Middlewares/Third_Party/FreeRTOS/Source/queue.o
 .debug_abbrev  0x0000000000002a7e      0x37d ./Middlewares/Third_Party/FreeRTOS/Source/tasks.o
 .debug_abbrev  0x0000000000002dfb      0x33d ./Middlewares/Third_Party/FreeRTOS/Source/timers.o
 .debug_abbrev  0x0000000000003138      0x257 ./Middlewares/Third_Party/FreeRTOS/Source/portable/GCC/ARM_CM3/port.o
 .debug_abbrev  0x000000000000338f      0x1ff ./Middlewares/Third_Party/FreeRTOS/Source/portable/MemMang/heap_4.o

.debug_aranges  0x0000000000000000     0x1228
 .debug_aranges
                0x0000000000000000      0x100 ./Core/Src/Modbus.o
 .debug_aranges
                0x0000000000000100       0x28 ./Core/Src/UARTCallback.o
 .debug_aranges
                0x0000000000000128       0x68 ./Core/Src/main.o
 .debug_aranges
                0x0000000000000190       0x50 ./Core/Src/stm32f1xx_hal_msp.o
 .debug_aranges
                0x00000000000001e0       0x60 ./Core/Src/stm32f1xx_it.o
 .debug_aranges
                0x0000000000000240       0x28 ./Core/Src/system_stm32f1xx.o
 .debug_aranges
                0x0000000000000268       0x28 ./Core/Startup/startup_stm32f103c8tx.o
 .debug_aranges
                0x0000000000000290       0xe0 ./Drivers/STM32F1xx_HAL_Driver/Src/stm32f1xx_hal.o
 .debug_aranges
                0x0000000000000370       0xf0 ./Drivers/STM32F1xx_HAL_Driver/Src/stm32f1xx_hal_adc.o
 .debug_aranges
                0x0000000000000460      0x100 ./Drivers/STM32F1xx_HAL_Driver/Src/stm32f1xx_hal_cortex.o
 .debug_aranges
                0x0000000000000560       0x80 ./Drivers/STM32F1xx_HAL_Driver/Src/stm32f1xx_hal_dma.o
 .debug_aranges
                0x00000000000005e0       0x58 ./Drivers/STM32F1xx_HAL_Driver/Src/stm32f1xx_hal_gpio.o
 .debug_aranges
                0x0000000000000638       0x90 ./Drivers/STM32F1xx_HAL_Driver/Src/stm32f1xx_hal_rcc.o
 .debug_aranges
                0x00000000000006c8       0x30 ./Drivers/STM32F1xx_HAL_Driver/Src/stm32f1xx_hal_rcc_ex.o
 .debug_aranges
                0x00000000000006f8      0x1d0 ./Drivers/STM32F1xx_HAL_Driver/Src/stm32f1xx_hal_spi.o
 .debug_aranges
                0x00000000000008c8      0x200 ./Drivers/STM32F1xx_HAL_Driver/Src/stm32f1xx_hal_uart.o
 .debug_aranges
                0x0000000000000ac8      0x228 ./Middlewares/Third_Party/FreeRTOS/Source/CMSIS_RTOS_V2/cmsis_os2.o
 .debug_aranges
                0x0000000000000cf0       0x40 ./Middlewares/Third_Party/FreeRTOS/Source/list.o
 .debug_aranges
                0x0000000000000d30      0x158 ./Middlewares/Third_Party/FreeRTOS/Source/queue.o
 .debug_aranges
                0x0000000000000e88      0x1f8 ./Middlewares/Third_Party/FreeRTOS/Source/tasks.o
 .debug_aranges
                0x0000000000001080       0xe0 ./Middlewares/Third_Party/FreeRTOS/Source/timers.o
 .debug_aranges
                0x0000000000001160       0x78 ./Middlewares/Third_Party/FreeRTOS/Source/portable/GCC/ARM_CM3/port.o
 .debug_aranges
                0x00000000000011d8       0x50 ./Middlewares/Third_Party/FreeRTOS/Source/portable/MemMang/heap_4.o

.debug_ranges   0x0000000000000000     0x10f0
 .debug_ranges  0x0000000000000000       0xf0 ./Core/Src/Modbus.o
 .debug_ranges  0x00000000000000f0       0x18 ./Core/Src/UARTCallback.o
 .debug_ranges  0x0000000000000108       0x58 ./Core/Src/main.o
 .debug_ranges  0x0000000000000160       0x40 ./Core/Src/stm32f1xx_hal_msp.o
 .debug_ranges  0x00000000000001a0       0x50 ./Core/Src/stm32f1xx_it.o
 .debug_ranges  0x00000000000001f0       0x18 ./Core/Src/system_stm32f1xx.o
 .debug_ranges  0x0000000000000208       0x20 ./Core/Startup/startup_stm32f103c8tx.o
 .debug_ranges  0x0000000000000228       0xd0 ./Drivers/STM32F1xx_HAL_Driver/Src/stm32f1xx_hal.o
 .debug_ranges  0x00000000000002f8       0xe0 ./Drivers/STM32F1xx_HAL_Driver/Src/stm32f1xx_hal_adc.o
 .debug_ranges  0x00000000000003d8       0xf0 ./Drivers/STM32F1xx_HAL_Driver/Src/stm32f1xx_hal_cortex.o
 .debug_ranges  0x00000000000004c8       0x70 ./Drivers/STM32F1xx_HAL_Driver/Src/stm32f1xx_hal_dma.o
 .debug_ranges  0x0000000000000538       0x48 ./Drivers/STM32F1xx_HAL_Driver/Src/stm32f1xx_hal_gpio.o
 .debug_ranges  0x0000000000000580       0x80 ./Drivers/STM32F1xx_HAL_Driver/Src/stm32f1xx_hal_rcc.o
 .debug_ranges  0x0000000000000600       0x20 ./Drivers/STM32F1xx_HAL_Driver/Src/stm32f1xx_hal_rcc_ex.o
 .debug_ranges  0x0000000000000620      0x1c0 ./Drivers/STM32F1xx_HAL_Driver/Src/stm32f1xx_hal_spi.o
 .debug_ranges  0x00000000000007e0      0x220 ./Drivers/STM32F1xx_HAL_Driver/Src/stm32f1xx_hal_uart.o
 .debug_ranges  0x0000000000000a00      0x218 ./Middlewares/Third_Party/FreeRTOS/Source/CMSIS_RTOS_V2/cmsis_os2.o
 .debug_ranges  0x0000000000000c18       0x30 ./Middlewares/Third_Party/FreeRTOS/Source/list.o
 .debug_ranges  0x0000000000000c48      0x148 ./Middlewares/Third_Party/FreeRTOS/Source/queue.o
 .debug_ranges  0x0000000000000d90      0x1e8 ./Middlewares/Third_Party/FreeRTOS/Source/tasks.o
 .debug_ranges  0x0000000000000f78       0xd0 ./Middlewares/Third_Party/FreeRTOS/Source/timers.o
 .debug_ranges  0x0000000000001048       0x68 ./Middlewares/Third_Party/FreeRTOS/Source/portable/GCC/ARM_CM3/port.o
 .debug_ranges  0x00000000000010b0       0x40 ./Middlewares/Third_Party/FreeRTOS/Source/portable/MemMang/heap_4.o

.debug_macro    0x0000000000000000    0x19e41
 .debug_macro   0x0000000000000000      0x30b ./Core/Src/Modbus.o
 .debug_macro   0x000000000000030b      0xa6c ./Core/Src/Modbus.o
 .debug_macro   0x0000000000000d77      0x174 ./Core/Src/Modbus.o
 .debug_macro   0x0000000000000eeb       0x22 ./Core/Src/Modbus.o
 .debug_macro   0x0000000000000f0d       0x8e ./Core/Src/Modbus.o
 .debug_macro   0x0000000000000f9b       0x51 ./Core/Src/Modbus.o
 .debug_macro   0x0000000000000fec      0x103 ./Core/Src/Modbus.o
 .debug_macro   0x00000000000010ef       0x6a ./Core/Src/Modbus.o
 .debug_macro   0x0000000000001159      0x1df ./Core/Src/Modbus.o
 .debug_macro   0x0000000000001338      0x11c ./Core/Src/Modbus.o
 .debug_macro   0x0000000000001454      0x15a ./Core/Src/Modbus.o
 .debug_macro   0x00000000000015ae       0xc2 ./Core/Src/Modbus.o
 .debug_macro   0x0000000000001670       0x10 ./Core/Src/Modbus.o
 .debug_macro   0x0000000000001680       0x1f ./Core/Src/Modbus.o
 .debug_macro   0x000000000000169f      0x47f ./Core/Src/Modbus.o
 .debug_macro   0x0000000000001b1e       0x5b ./Core/Src/Modbus.o
 .debug_macro   0x0000000000001b79       0x10 ./Core/Src/Modbus.o
 .debug_macro   0x0000000000001b89       0x74 ./Core/Src/Modbus.o
 .debug_macro   0x0000000000001bfd       0xdd ./Core/Src/Modbus.o
 .debug_macro   0x0000000000001cda       0xb5 ./Core/Src/Modbus.o
 .debug_macro   0x0000000000001d8f       0x8c ./Core/Src/Modbus.o
 .debug_macro   0x0000000000001e1b       0x8d ./Core/Src/Modbus.o
 .debug_macro   0x0000000000001ea8      0x221 ./Core/Src/Modbus.o
 .debug_macro   0x00000000000020c9       0x2e ./Core/Src/Modbus.o
 .debug_macro   0x00000000000020f7       0x22 ./Core/Src/Modbus.o
 .debug_macro   0x0000000000002119       0x1c ./Core/Src/Modbus.o
 .debug_macro   0x0000000000002135       0x22 ./Core/Src/Modbus.o
 .debug_macro   0x0000000000002157       0xb7 ./Core/Src/Modbus.o
 .debug_macro   0x000000000000220e      0xd23 ./Core/Src/Modbus.o
 .debug_macro   0x0000000000002f31     0xe09e ./Core/Src/Modbus.o
 .debug_macro   0x0000000000010fcf       0x6d ./Core/Src/Modbus.o
 .debug_macro   0x000000000001103c     0x3468 ./Core/Src/Modbus.o
 .debug_macro   0x00000000000144a4       0x5c ./Core/Src/Modbus.o
 .debug_macro   0x0000000000014500      0x5be ./Core/Src/Modbus.o
 .debug_macro   0x0000000000014abe      0x289 ./Core/Src/Modbus.o
 .debug_macro   0x0000000000014d47      0x1cb ./Core/Src/Modbus.o
 .debug_macro   0x0000000000014f12      0x114 ./Core/Src/Modbus.o
 .debug_macro   0x0000000000015026      0x1b2 ./Core/Src/Modbus.o
 .debug_macro   0x00000000000151d8       0x27 ./Core/Src/Modbus.o
 .debug_macro   0x00000000000151ff      0x136 ./Core/Src/Modbus.o
 .debug_macro   0x0000000000015335      0x1bc ./Core/Src/Modbus.o
 .debug_macro   0x00000000000154f1       0x34 ./Core/Src/Modbus.o
 .debug_macro   0x0000000000015525       0x3c ./Core/Src/Modbus.o
 .debug_macro   0x0000000000015561       0x57 ./Core/Src/Modbus.o
 .debug_macro   0x00000000000155b8      0x46a ./Core/Src/Modbus.o
 .debug_macro   0x0000000000015a22      0x1b5 ./Core/Src/Modbus.o
 .debug_macro   0x0000000000015bd7       0x88 ./Core/Src/Modbus.o
 .debug_macro   0x0000000000015c5f      0x241 ./Core/Src/Modbus.o
 .debug_macro   0x0000000000015ea0      0x141 ./Core/Src/Modbus.o
 .debug_macro   0x0000000000015fe1      0x217 ./Core/Src/Modbus.o
 .debug_macro   0x00000000000161f8      0x279 ./Core/Src/Modbus.o
 .debug_macro   0x0000000000016471       0x83 ./Core/Src/Modbus.o
 .debug_macro   0x00000000000164f4       0x34 ./Core/Src/Modbus.o
 .debug_macro   0x0000000000016528       0x22 ./Core/Src/Modbus.o
 .debug_macro   0x000000000001654a       0x52 ./Core/Src/Modbus.o
 .debug_macro   0x000000000001659c       0x18 ./Core/Src/Modbus.o
 .debug_macro   0x00000000000165b4       0x3c ./Core/Src/Modbus.o
 .debug_macro   0x00000000000165f0       0x3a ./Core/Src/Modbus.o
 .debug_macro   0x000000000001662a       0x35 ./Core/Src/Modbus.o
 .debug_macro   0x000000000001665f      0x460 ./Core/Src/Modbus.o
 .debug_macro   0x0000000000016abf       0x22 ./Core/Src/Modbus.o
 .debug_macro   0x0000000000016ae1       0x91 ./Core/Src/Modbus.o
 .debug_macro   0x0000000000016b72       0x9a ./Core/Src/Modbus.o
 .debug_macro   0x0000000000016c0c      0x2ce ./Core/Src/UARTCallback.o
 .debug_macro   0x0000000000016eda      0x371 ./Core/Src/main.o
 .debug_macro   0x000000000001724b      0x11c ./Core/Src/main.o
 .debug_macro   0x0000000000017367       0x34 ./Core/Src/main.o
 .debug_macro   0x000000000001739b       0x16 ./Core/Src/main.o
 .debug_macro   0x00000000000173b1       0x43 ./Core/Src/main.o
 .debug_macro   0x00000000000173f4       0x34 ./Core/Src/main.o
 .debug_macro   0x0000000000017428       0x10 ./Core/Src/main.o
 .debug_macro   0x0000000000017438       0x58 ./Core/Src/main.o
 .debug_macro   0x0000000000017490       0x71 ./Core/Src/main.o
 .debug_macro   0x0000000000017501       0x1c ./Core/Src/main.o
 .debug_macro   0x000000000001751d      0x12a ./Core/Src/main.o
 .debug_macro   0x0000000000017647      0x341 ./Core/Src/main.o
 .debug_macro   0x0000000000017988      0x19b ./Core/Src/main.o
 .debug_macro   0x0000000000017b23       0x10 ./Core/Src/main.o
 .debug_macro   0x0000000000017b33      0x1bb ./Core/Src/stm32f1xx_hal_msp.o
 .debug_macro   0x0000000000017cee      0x22d ./Core/Src/stm32f1xx_it.o
 .debug_macro   0x0000000000017f1b      0x1ac ./Core/Src/system_stm32f1xx.o
 .debug_macro   0x00000000000180c7      0x1d0 ./Drivers/STM32F1xx_HAL_Driver/Src/stm32f1xx_hal.o
 .debug_macro   0x0000000000018297      0x1c9 ./Drivers/STM32F1xx_HAL_Driver/Src/stm32f1xx_hal_adc.o
 .debug_macro   0x0000000000018460      0x1ac ./Drivers/STM32F1xx_HAL_Driver/Src/stm32f1xx_hal_cortex.o
 .debug_macro   0x000000000001860c      0x1ac ./Drivers/STM32F1xx_HAL_Driver/Src/stm32f1xx_hal_dma.o
 .debug_macro   0x00000000000187b8      0x217 ./Drivers/STM32F1xx_HAL_Driver/Src/stm32f1xx_hal_gpio.o
 .debug_macro   0x00000000000189cf      0x1be ./Drivers/STM32F1xx_HAL_Driver/Src/stm32f1xx_hal_rcc.o
 .debug_macro   0x0000000000018b8d      0x1ac ./Drivers/STM32F1xx_HAL_Driver/Src/stm32f1xx_hal_rcc_ex.o
 .debug_macro   0x0000000000018d39      0x1b4 ./Drivers/STM32F1xx_HAL_Driver/Src/stm32f1xx_hal_spi.o
 .debug_macro   0x0000000000018eed      0x1ad ./Drivers/STM32F1xx_HAL_Driver/Src/stm32f1xx_hal_uart.o
 .debug_macro   0x000000000001909a      0x247 ./Middlewares/Third_Party/FreeRTOS/Source/CMSIS_RTOS_V2/cmsis_os2.o
 .debug_macro   0x00000000000192e1       0x10 ./Middlewares/Third_Party/FreeRTOS/Source/CMSIS_RTOS_V2/cmsis_os2.o
 .debug_macro   0x00000000000192f1       0x20 ./Middlewares/Third_Party/FreeRTOS/Source/CMSIS_RTOS_V2/cmsis_os2.o
 .debug_macro   0x0000000000019311      0x187 ./Middlewares/Third_Party/FreeRTOS/Source/list.o
 .debug_macro   0x0000000000019498      0x212 ./Middlewares/Third_Party/FreeRTOS/Source/queue.o
 .debug_macro   0x00000000000196aa       0x16 ./Middlewares/Third_Party/FreeRTOS/Source/queue.o
 .debug_macro   0x00000000000196c0      0x287 ./Middlewares/Third_Party/FreeRTOS/Source/tasks.o
 .debug_macro   0x0000000000019947       0x10 ./Middlewares/Third_Party/FreeRTOS/Source/tasks.o
 .debug_macro   0x0000000000019957      0x1ca ./Middlewares/Third_Party/FreeRTOS/Source/timers.o
 .debug_macro   0x0000000000019b21      0x172 ./Middlewares/Third_Party/FreeRTOS/Source/portable/GCC/ARM_CM3/port.o
 .debug_macro   0x0000000000019c93      0x1ae ./Middlewares/Third_Party/FreeRTOS/Source/portable/MemMang/heap_4.o

.debug_line     0x0000000000000000    0x14731
 .debug_line    0x0000000000000000     0x1704 ./Core/Src/Modbus.o
 .debug_line    0x0000000000001704      0x9c3 ./Core/Src/UARTCallback.o
 .debug_line    0x00000000000020c7      0xc5e ./Core/Src/main.o
 .debug_line    0x0000000000002d25      0x7db ./Core/Src/stm32f1xx_hal_msp.o
 .debug_line    0x0000000000003500      0x85c ./Core/Src/stm32f1xx_it.o
 .debug_line    0x0000000000003d5c      0x703 ./Core/Src/system_stm32f1xx.o
 .debug_line    0x000000000000445f       0x87 ./Core/Startup/startup_stm32f103c8tx.o
 .debug_line    0x00000000000044e6      0x930 ./Drivers/STM32F1xx_HAL_Driver/Src/stm32f1xx_hal.o
 .debug_line    0x0000000000004e16      0xfa7 ./Drivers/STM32F1xx_HAL_Driver/Src/stm32f1xx_hal_adc.o
 .debug_line    0x0000000000005dbd      0xb18 ./Drivers/STM32F1xx_HAL_Driver/Src/stm32f1xx_hal_cortex.o
 .debug_line    0x00000000000068d5      0xd88 ./Drivers/STM32F1xx_HAL_Driver/Src/stm32f1xx_hal_dma.o
 .debug_line    0x000000000000765d      0x9c7 ./Drivers/STM32F1xx_HAL_Driver/Src/stm32f1xx_hal_gpio.o
 .debug_line    0x0000000000008024      0xd3e ./Drivers/STM32F1xx_HAL_Driver/Src/stm32f1xx_hal_rcc.o
 .debug_line    0x0000000000008d62      0x87c ./Drivers/STM32F1xx_HAL_Driver/Src/stm32f1xx_hal_rcc_ex.o
 .debug_line    0x00000000000095de     0x1bb5 ./Drivers/STM32F1xx_HAL_Driver/Src/stm32f1xx_hal_spi.o
 .debug_line    0x000000000000b193     0x1a0b ./Drivers/STM32F1xx_HAL_Driver/Src/stm32f1xx_hal_uart.o
 .debug_line    0x000000000000cb9e     0x2447 ./Middlewares/Third_Party/FreeRTOS/Source/CMSIS_RTOS_V2/cmsis_os2.o
 .debug_line    0x000000000000efe5      0x6f7 ./Middlewares/Third_Party/FreeRTOS/Source/list.o
 .debug_line    0x000000000000f6dc     0x16ba ./Middlewares/Third_Party/FreeRTOS/Source/queue.o
 .debug_line    0x0000000000010d96     0x1d12 ./Middlewares/Third_Party/FreeRTOS/Source/tasks.o
 .debug_line    0x0000000000012aa8      0xc8a ./Middlewares/Third_Party/FreeRTOS/Source/timers.o
 .debug_line    0x0000000000013732      0x746 ./Middlewares/Third_Party/FreeRTOS/Source/portable/GCC/ARM_CM3/port.o
 .debug_line    0x0000000000013e78      0x8b9 ./Middlewares/Third_Party/FreeRTOS/Source/portable/MemMang/heap_4.o

.debug_str      0x0000000000000000    0x93bce
 .debug_str     0x0000000000000000    0x8a57e ./Core/Src/Modbus.o
                                      0x8a9f6 (size before relaxing)
 .debug_str     0x000000000008a57e       0x8f ./Core/Src/UARTCallback.o
                                      0x89455 (size before relaxing)
 .debug_str     0x000000000008a60d     0x3a53 ./Core/Src/main.o
                                      0x8dc48 (size before relaxing)
 .debug_str     0x000000000008e060      0x386 ./Core/Src/stm32f1xx_hal_msp.o
                                      0x82fac (size before relaxing)
 .debug_str     0x000000000008e3e6      0x111 ./Core/Src/stm32f1xx_it.o
                                      0x86266 (size before relaxing)
 .debug_str     0x000000000008e4f7       0x7e ./Core/Src/system_stm32f1xx.o
                                      0x824bb (size before relaxing)
 .debug_str     0x000000000008e575       0x36 ./Core/Startup/startup_stm32f103c8tx.o
                                         0x6d (size before relaxing)
 .debug_str     0x000000000008e5ab      0x384 ./Drivers/STM32F1xx_HAL_Driver/Src/stm32f1xx_hal.o
                                      0x82bee (size before relaxing)
 .debug_str     0x000000000008e92f      0x377 ./Drivers/STM32F1xx_HAL_Driver/Src/stm32f1xx_hal_adc.o
                                      0x82b98 (size before relaxing)
 .debug_str     0x000000000008eca6      0x28b ./Drivers/STM32F1xx_HAL_Driver/Src/stm32f1xx_hal_cortex.o
                                      0x82b3a (size before relaxing)
 .debug_str     0x000000000008ef31      0x211 ./Drivers/STM32F1xx_HAL_Driver/Src/stm32f1xx_hal_dma.o
                                      0x82864 (size before relaxing)
 .debug_str     0x000000000008f142      0x2bd ./Drivers/STM32F1xx_HAL_Driver/Src/stm32f1xx_hal_gpio.o
                                      0x82841 (size before relaxing)
 .debug_str     0x000000000008f3ff      0x229 ./Drivers/STM32F1xx_HAL_Driver/Src/stm32f1xx_hal_rcc.o
                                      0x828ea (size before relaxing)