../Core/Src/main.c:89:5:main	16	static
../Core/Src/main.c:196:6:SystemClock_Config	88	static
../Core/Src/main.c:243:13:MX_ADC1_Init	24	static
../Core/Src/main.c:290:13:MX_ADC2_Init	24	static
../Core/Src/main.c:337:13:MX_SPI2_Init	8	static
../Core/Src/main.c:375:13:MX_USART1_UART_Init	8	static
../Core/Src/main.c:408:13:MX_USART2_UART_Init	8	static
../Core/Src/main.c:441:13:MX_GPIO_Init	40	static
../Core/Src/main.c:489:6:StartDefaultTask	40	static
../Core/Src/main.c:526:6:Error_Handler	4	static,ignoring_inline_asm
