../Core/Src/Modbus.c:119:6:RingAdd	16	static
../Core/Src/Modbus.c:138:9:RingGetAllBytes	16	static
../Core/Src/Modbus.c:144:9:RingGetNBytes	32	static
../Core/Src/Modbus.c:162:9:RingCountBytes	16	static
../Core/Src/Modbus.c:167:6:RingClear	16	static
../Core/Src/Modbus.c:200:6:ModbusInit	24	static
../Core/Src/Modbus.c:318:6:ModbusStart	16	static
../Core/Src/Modbus.c:444:6:vTimerCallbackT35	32	static
../Core/Src/Modbus.c:463:6:vTimerCallbackTimeout	24	static
../Core/Src/Modbus.c:627:6:StartTaskModbusSlave	24	static
../Core/Src/Modbus.c:767:6:ModbusQuery	16	static
../Core/Src/Modbus.c:782:6:ModbusQueryInject	16	static
../Core/Src/Modbus.c:831:8:SendQuery	24	static
../Core/Src/Modbus.c:1041:6:StartTaskModbusMaster	56	static
../Core/Src/Modbus.c:1189:6:get_FC1	32	static
../Core/Src/Modbus.c:1214:6:get_FC3	32	static
../Core/Src/Modbus.c:1235:9:validateAnswer	24	static
../Core/Src/Modbus.c:1290:9:getRxBuffer	24	static
../Core/Src/Modbus.c:1331:9:validateRequest	24	static
../Core/Src/Modbus.c:1436:10:word	24	static
../Core/Src/Modbus.c:1454:10:calcCRC	32	static
../Core/Src/Modbus.c:1487:6:buildException	24	static
../Core/Src/Modbus.c:1513:13:sendTxBuffer	40	static
../Core/Src/Modbus.c:1673:8:process_FC1	32	static
../Core/Src/Modbus.c:1729:8:process_FC3	24	static
../Core/Src/Modbus.c:1761:8:process_FC5	24	static
../Core/Src/Modbus.c:1795:8:process_FC6	24	static
../Core/Src/Modbus.c:1821:8:process_FC15	32	static
../Core/Src/Modbus.c:1878:8:process_FC16	32	static
